Archive member included to satisfy reference by file (symbol)

/Users/arm8483/.pico-sdk/toolchain/13_2_Rel1/bin/../lib/gcc/arm-none-eabi/13.2.1/thumb/v6-m/nofp/libgcc.a(_dvmd_tls.o)
                              CMakeFiles/cosmicCoincidence.dir/Users/arm8483/.pico-sdk/sdk/1.5.1/src/rp2_common/pico_divider/divider.S.obj (__aeabi_idiv0)
/Users/arm8483/.pico-sdk/toolchain/13_2_Rel1/bin/../lib/gcc/arm-none-eabi/13.2.1/../../../../arm-none-eabi/lib/thumb/v6-m/nofp/libg.a(libc_a-calloc.o)
                              CMakeFiles/cosmicCoincidence.dir/Users/arm8483/.pico-sdk/sdk/1.5.1/src/rp2_common/pico_malloc/pico_malloc.c.obj (calloc)
/Users/arm8483/.pico-sdk/toolchain/13_2_Rel1/bin/../lib/gcc/arm-none-eabi/13.2.1/../../../../arm-none-eabi/lib/thumb/v6-m/nofp/libg.a(libc_a-callocr.o)
                              /Users/arm8483/.pico-sdk/toolchain/13_2_Rel1/bin/../lib/gcc/arm-none-eabi/13.2.1/../../../../arm-none-eabi/lib/thumb/v6-m/nofp/libg.a(libc_a-calloc.o) (_calloc_r)
/Users/arm8483/.pico-sdk/toolchain/13_2_Rel1/bin/../lib/gcc/arm-none-eabi/13.2.1/../../../../arm-none-eabi/lib/thumb/v6-m/nofp/libg.a(libc_a-malloc.o)
                              CMakeFiles/cosmicCoincidence.dir/Users/arm8483/.pico-sdk/sdk/1.5.1/src/rp2_common/pico_malloc/pico_malloc.c.obj (malloc)
/Users/arm8483/.pico-sdk/toolchain/13_2_Rel1/bin/../lib/gcc/arm-none-eabi/13.2.1/../../../../arm-none-eabi/lib/thumb/v6-m/nofp/libg.a(libc_a-mallocr.o)
                              /Users/arm8483/.pico-sdk/toolchain/13_2_Rel1/bin/../lib/gcc/arm-none-eabi/13.2.1/../../../../arm-none-eabi/lib/thumb/v6-m/nofp/libg.a(libc_a-callocr.o) (_malloc_r)
/Users/arm8483/.pico-sdk/toolchain/13_2_Rel1/bin/../lib/gcc/arm-none-eabi/13.2.1/../../../../arm-none-eabi/lib/thumb/v6-m/nofp/libg.a(libc_a-mlock.o)
                              /Users/arm8483/.pico-sdk/toolchain/13_2_Rel1/bin/../lib/gcc/arm-none-eabi/13.2.1/../../../../arm-none-eabi/lib/thumb/v6-m/nofp/libg.a(libc_a-mallocr.o) (__malloc_lock)
/Users/arm8483/.pico-sdk/toolchain/13_2_Rel1/bin/../lib/gcc/arm-none-eabi/13.2.1/../../../../arm-none-eabi/lib/thumb/v6-m/nofp/libg.a(libc_a-realloc.o)
                              CMakeFiles/cosmicCoincidence.dir/Users/arm8483/.pico-sdk/sdk/1.5.1/src/rp2_common/pico_malloc/pico_malloc.c.obj (realloc)
/Users/arm8483/.pico-sdk/toolchain/13_2_Rel1/bin/../lib/gcc/arm-none-eabi/13.2.1/../../../../arm-none-eabi/lib/thumb/v6-m/nofp/libg.a(libc_a-reallocr.o)
                              /Users/arm8483/.pico-sdk/toolchain/13_2_Rel1/bin/../lib/gcc/arm-none-eabi/13.2.1/../../../../arm-none-eabi/lib/thumb/v6-m/nofp/libg.a(libc_a-realloc.o) (_realloc_r)
/Users/arm8483/.pico-sdk/toolchain/13_2_Rel1/bin/../lib/gcc/arm-none-eabi/13.2.1/../../../../arm-none-eabi/lib/thumb/v6-m/nofp/libg.a(libc_a-memcmp.o)
                              CMakeFiles/cosmicCoincidence.dir/Users/arm8483/.pico-sdk/sdk/1.5.1/lib/cyw43-driver/src/cyw43_ll.c.obj (memcmp)
/Users/arm8483/.pico-sdk/toolchain/13_2_Rel1/bin/../lib/gcc/arm-none-eabi/13.2.1/../../../../arm-none-eabi/lib/thumb/v6-m/nofp/libg.a(libc_a-memmove.o)
                              CMakeFiles/cosmicCoincidence.dir/Users/arm8483/.pico-sdk/sdk/1.5.1/lib/cyw43-driver/src/cyw43_ll.c.obj (memmove)
/Users/arm8483/.pico-sdk/toolchain/13_2_Rel1/bin/../lib/gcc/arm-none-eabi/13.2.1/../../../../arm-none-eabi/lib/thumb/v6-m/nofp/libg.a(libc_a-strncmp.o)
                              CMakeFiles/cosmicCoincidence.dir/Users/arm8483/.pico-sdk/sdk/1.5.1/lib/cyw43-driver/src/cyw43_ll.c.obj (strncmp)
/Users/arm8483/.pico-sdk/toolchain/13_2_Rel1/bin/../lib/gcc/arm-none-eabi/13.2.1/../../../../arm-none-eabi/lib/thumb/v6-m/nofp/libg.a(libc_a-impure.o)
                              /Users/arm8483/.pico-sdk/toolchain/13_2_Rel1/bin/../lib/gcc/arm-none-eabi/13.2.1/../../../../arm-none-eabi/lib/thumb/v6-m/nofp/libg.a(libc_a-calloc.o) (_impure_ptr)
/Users/arm8483/.pico-sdk/toolchain/13_2_Rel1/bin/../lib/gcc/arm-none-eabi/13.2.1/../../../../arm-none-eabi/lib/thumb/v6-m/nofp/libg.a(libc_a-sbrkr.o)
                              /Users/arm8483/.pico-sdk/toolchain/13_2_Rel1/bin/../lib/gcc/arm-none-eabi/13.2.1/../../../../arm-none-eabi/lib/thumb/v6-m/nofp/libg.a(libc_a-mallocr.o) (_sbrk_r)
/Users/arm8483/.pico-sdk/toolchain/13_2_Rel1/bin/../lib/gcc/arm-none-eabi/13.2.1/../../../../arm-none-eabi/lib/thumb/v6-m/nofp/libg.a(libc_a-errno.o)
                              /Users/arm8483/.pico-sdk/toolchain/13_2_Rel1/bin/../lib/gcc/arm-none-eabi/13.2.1/../../../../arm-none-eabi/lib/thumb/v6-m/nofp/libg.a(libc_a-callocr.o) (__errno)
/Users/arm8483/.pico-sdk/toolchain/13_2_Rel1/bin/../lib/gcc/arm-none-eabi/13.2.1/../../../../arm-none-eabi/lib/thumb/v6-m/nofp/libg.a(libc_a-sysconf.o)
                              /Users/arm8483/.pico-sdk/toolchain/13_2_Rel1/bin/../lib/gcc/arm-none-eabi/13.2.1/../../../../arm-none-eabi/lib/thumb/v6-m/nofp/libg.a(libc_a-mallocr.o) (sysconf)
[...]
Memory Configuration

Name             Origin             Length             Attributes
FLASH            0x10000000         0x00200000         xr
RAM              0x20000000         0x00040000         xrw
SCRATCH_X        0x20040000         0x00001000         xrw
SCRATCH_Y        0x20041000         0x00001000         xrw
*default*        0x00000000         0xffffffff

Linker script and memory map

LOAD /Users/arm8483/.pico-sdk/toolchain/13_2_Rel1/bin/../lib/gcc/arm-none-eabi/13.2.1/thumb/v6-m/nofp/crti.o
LOAD /Users/arm8483/.pico-sdk/toolchain/13_2_Rel1/bin/../lib/gcc/arm-none-eabi/13.2.1/thumb/v6-m/nofp/crtbegin.o
LOAD /Users/arm8483/.pico-sdk/toolchain/13_2_Rel1/bin/../lib/gcc/arm-none-eabi/13.2.1/../../../../arm-none-eabi/lib/thumb/v6-m/nofp/crt0.o

.flash_begin    0x10000000        0x0
                0x10000000                        __flash_binary_start = .

.boot2          0x10000000      0x100
                0x10000000                        __boot2_start__ = .
 *(.boot2)
 .boot2         0x10000000      0x100 /var/folders/gc/s7d8sz8d5lj5vywq03f5l2x5xl4xn3/T//ccrZhv3k.o
                0x10000100                        __boot2_end__ = .
                0x00000001                        ASSERT (((__boot2_end__ - __boot2_start__) == 0x100), ERROR: Pico second stage bootloader must be 256 bytes in size)

.text           0x10000100     0xa150
                0x10000100                        __logical_binary_start = .
 *(.vectors)
 .vectors       0x10000100       0xd4 CMakeFiles/cosmicCoincidence.dir/Users/arm8483/.pico-sdk/sdk/1.5.1/src/rp2_common/pico_standard_link/crt0.S.obj
                0x10000100                __VECTOR_TABLE
                0x10000100                __vectors
                0x100001c0                __default_isrs_start
                0x100001c0                isr_invalid
                0x100001c2                isr_nmi
                0x100001c4                isr_hardfault
                0x100001c6                isr_svcall
                0x100001c8                isr_pendsv
                0x100001ca                isr_systick
                0x100001cc                isr_irq28
                0x100001cc                isr_irq19
                0x100001cc                isr_irq0
                0x100001cc                isr_irq6
                0x100001cc                isr_irq22
                0x100001cc                isr_irq17
                0x100001cc                isr_irq14
                0x100001cc                isr_irq2
                0x100001cc                isr_irq10
                0x100001cc                isr_irq8
                0x100001cc                isr_irq24
                0x100001cc                isr_irq1
                0x100001cc                isr_irq7
                0x100001cc                isr_irq21
                0x100001cc                isr_irq20
                0x100001cc                isr_irq15
                0x100001cc                isr_irq25
                0x100001cc                isr_irq4
                0x100001cc                isr_irq16
                0x100001cc                isr_irq29
                0x100001cc                isr_irq26
                0x100001cc                __default_isrs_end
                0x100001cc                isr_irq3
                0x100001cc                isr_irq9
                0x100001cc                __unhandled_user_irq
                0x100001cc                isr_irq13
                0x100001cc                isr_irq27
                0x100001cc                isr_irq31
                0x100001cc                isr_irq5
                0x100001cc                isr_irq11
                0x100001cc                isr_irq23
                0x100001cc                isr_irq18
                0x100001cc                isr_irq30
                0x100001cc                isr_irq12
                0x100001d2                unhandled_user_irq_num_in_r0
 *(.binary_info_header)
 .binary_info_header
                0x100001d4       0x14 CMakeFiles/cosmicCoincidence.dir/Users/arm8483/.pico-sdk/sdk/1.5.1/src/rp2_common/pico_standard_link/crt0.S.obj
                0x100001e8                        __binary_info_header_end = .
 *(.reset)
 .reset         0x100001e8       0xa0 CMakeFiles/cosmicCoincidence.dir/Users/arm8483/.pico-sdk/sdk/1.5.1/src/rp2_common/pico_standard_link/crt0.S.obj
                0x100001e8                _entry_point
 .reset         0x10000288       0x30 CMakeFiles/cosmicCoincidence.dir/Users/arm8483/.pico-sdk/sdk/1.5.1/src/rp2_common/pico_standard_link/binary_info.c.obj
 *(.init)
 .init          0x100002b8        0x4 /Users/arm8483/.pico-sdk/toolchain/13_2_Rel1/bin/../lib/gcc/arm-none-eabi/13.2.1/thumb/v6-m/nofp/crti.o
                0x100002b8                _init
 *(EXCLUDE_FILE(*libm.a: *libc.a:*lib_a-mem*.o *libgcc.a:) .text*)
 .text.register_tm_clones
                0x100002bc       0x28 /Users/arm8483/.pico-sdk/toolchain/13_2_Rel1/bin/../lib/gcc/arm-none-eabi/13.2.1/thumb/v6-m/nofp/crtbegin.o
 .text.frame_dummy
                0x100002e4       0x24 /Users/arm8483/.pico-sdk/toolchain/13_2_Rel1/bin/../lib/gcc/arm-none-eabi/13.2.1/thumb/v6-m/nofp/crtbegin.o
 .text.to_ms_since_boot
                0x10000308       0x1c CMakeFiles/cosmicCoincidence.dir/cosmicCoincidence.c.obj
 .text.update_us_since_boot
                0x10000324       0x24 CMakeFiles/cosmicCoincidence.dir/cosmicCoincidence.c.obj
 .text.get_absolute_time
                0x10000348       0x22 CMakeFiles/cosmicCoincidence.dir/cosmicCoincidence.c.obj
 .text.toggle_LED
                0x1000036a       0x10 CMakeFiles/cosmicCoincidence.dir/cosmicCoincidence.c.obj
                0x1000036a                toggle_LED
 *fill*         0x1000037a        0x2 
 .text.print32tob
                0x1000037c       0x30 CMakeFiles/cosmicCoincidence.dir/cosmicCoincidence.c.obj
                0x1000037c                print32tob
 .text.main     0x100003ac      0x254 CMakeFiles/cosmicCoincidence.dir/cosmicCoincidence.c.obj
                0x100003ac                main
 .text.gpio_set_function
                0x10000600       0x30 CMakeFiles/cosmicCoincidence.dir/Users/arm8483/.pico-sdk/sdk/1.5.1/src/rp2_common/hardware_gpio/gpio.c.obj
                0x10000600                gpio_set_function
 .text.gpio_set_pulls
                0x10000630       0x34 CMakeFiles/cosmicCoincidence.dir/Users/arm8483/.pico-sdk/sdk/1.5.1/src/rp2_common/hardware_gpio/gpio.c.obj
                0x10000630                gpio_set_pulls
 .text.gpio_set_input_hysteresis_enabled
                0x10000664       0x30 CMakeFiles/cosmicCoincidence.dir/Users/arm8483/.pico-sdk/sdk/1.5.1/src/rp2_common/hardware_gpio/gpio.c.obj
                0x10000664                gpio_set_input_hysteresis_enabled
 .text.gpio_add_raw_irq_handler_with_order_priority_masked
                0x10000694       0x40 CMakeFiles/cosmicCoincidence.dir/Users/arm8483/.pico-sdk/sdk/1.5.1/src/rp2_common/hardware_gpio/gpio.c.obj
                0x10000694                gpio_add_raw_irq_handler_with_order_priority_masked
 .text.gpio_remove_raw_irq_handler_masked
                0x100006d4       0x48 CMakeFiles/cosmicCoincidence.dir/Users/arm8483/.pico-sdk/sdk/1.5.1/src/rp2_common/hardware_gpio/gpio.c.obj
                0x100006d4                gpio_remove_raw_irq_handler_masked
 .text.gpio_acknowledge_irq
                0x1000071c       0x18 CMakeFiles/cosmicCoincidence.dir/Users/arm8483/.pico-sdk/sdk/1.5.1/src/rp2_common/hardware_gpio/gpio.c.obj
                0x1000071c                gpio_acknowledge_irq
 .text._gpio_set_irq_enabled
                0x10000734       0x34 CMakeFiles/cosmicCoincidence.dir/Users/arm8483/.pico-sdk/sdk/1.5.1/src/rp2_common/hardware_gpio/gpio.c.obj
 .text.gpio_set_irq_enabled
                0x10000768       0x20 CMakeFiles/cosmicCoincidence.dir/Users/arm8483/.pico-sdk/sdk/1.5.1/src/rp2_common/hardware_gpio/gpio.c.obj
                0x10000768                gpio_set_irq_enabled
 .text.gpio_init
                0x10000788       0x16 CMakeFiles/cosmicCoincidence.dir/Users/arm8483/.pico-sdk/sdk/1.5.1/src/rp2_common/hardware_gpio/gpio.c.obj
                0x10000788                gpio_init
 .text.gpio_init_mask
                0x1000079e       0x1e CMakeFiles/cosmicCoincidence.dir/Users/arm8483/.pico-sdk/sdk/1.5.1/src/rp2_common/hardware_gpio/gpio.c.obj
                0x1000079e                gpio_init_mask
 .text.running_on_fpga
                0x100007bc       0x14 CMakeFiles/cosmicCoincidence.dir/Users/arm8483/.pico-sdk/sdk/1.5.1/src/rp2_common/pico_platform/platform.c.obj
                0x100007bc                running_on_fpga
 .text.hw_claim_lock
                0x100007d0       0x18 CMakeFiles/cosmicCoincidence.dir/Users/arm8483/.pico-sdk/sdk/1.5.1/src/rp2_common/hardware_claim/claim.c.obj
                0x100007d0                hw_claim_lock
 .text.hw_claim_unlock
                0x100007e8       0x14 CMakeFiles/cosmicCoincidence.dir/Users/arm8483/.pico-sdk/sdk/1.5.1/src/rp2_common/hardware_claim/claim.c.obj
                0x100007e8                hw_claim_unlock
 .text.hw_claim_or_assert
                0x100007fc       0x32 CMakeFiles/cosmicCoincidence.dir/Users/arm8483/.pico-sdk/sdk/1.5.1/src/rp2_common/hardware_claim/claim.c.obj
                0x100007fc                hw_claim_or_assert
 .text.hw_claim_unused_from_range
                0x1000082e       0x50 CMakeFiles/cosmicCoincidence.dir/Users/arm8483/.pico-sdk/sdk/1.5.1/src/rp2_common/hardware_claim/claim.c.obj
                0x1000082e                hw_claim_unused_from_range
 *fill*         0x1000087e        0x2 
 .text.hw_claim_clear
                0x10000880       0x40 CMakeFiles/cosmicCoincidence.dir/Users/arm8483/.pico-sdk/sdk/1.5.1/src/rp2_common/hardware_claim/claim.c.obj
                0x10000880                hw_claim_clear
 .text.spin_locks_reset
                0x100008c0       0x20 CMakeFiles/cosmicCoincidence.dir/Users/arm8483/.pico-sdk/sdk/1.5.1/src/rp2_common/hardware_sync/sync.c.obj
                0x100008c0                spin_locks_reset
 .text.next_striped_spin_lock_num
                0x100008e0       0x1c CMakeFiles/cosmicCoincidence.dir/Users/arm8483/.pico-sdk/sdk/1.5.1/src/rp2_common/hardware_sync/sync.c.obj
                0x100008e0                next_striped_spin_lock_num
 .text.spin_lock_claim_unused
                0x100008fc       0x24 CMakeFiles/cosmicCoincidence.dir/Users/arm8483/.pico-sdk/sdk/1.5.1/src/rp2_common/hardware_sync/sync.c.obj
                0x100008fc                spin_lock_claim_unused
 .text.set_raw_irq_handler_and_unlock
                0x10000920       0x28 CMakeFiles/cosmicCoincidence.dir/Users/arm8483/.pico-sdk/sdk/1.5.1/src/rp2_common/hardware_irq/irq.c.obj
 .text.get_user_irq_claim_index
                0x10000948        0x6 CMakeFiles/cosmicCoincidence.dir/Users/arm8483/.pico-sdk/sdk/1.5.1/src/rp2_common/hardware_irq/irq.c.obj
 *fill*         0x1000094e        0x2 
 .text.resolve_branch
                0x10000950       0x30 CMakeFiles/cosmicCoincidence.dir/Users/arm8483/.pico-sdk/sdk/1.5.1/src/rp2_common/hardware_irq/irq.c.obj
 .text.make_branch
                0x10000980       0x48 CMakeFiles/cosmicCoincidence.dir/Users/arm8483/.pico-sdk/sdk/1.5.1/src/rp2_common/hardware_irq/irq.c.obj
 .text.insert_branch_and_link
                0x100009c8       0x40 CMakeFiles/cosmicCoincidence.dir/Users/arm8483/.pico-sdk/sdk/1.5.1/src/rp2_common/hardware_irq/irq.c.obj
 .text.irq_is_enabled
                0x10000a08       0x18 CMakeFiles/cosmicCoincidence.dir/Users/arm8483/.pico-sdk/sdk/1.5.1/src/rp2_common/hardware_irq/irq.c.obj
                0x10000a08                irq_is_enabled
 .text.irq_set_mask_enabled
                0x10000a20       0x20 CMakeFiles/cosmicCoincidence.dir/Users/arm8483/.pico-sdk/sdk/1.5.1/src/rp2_common/hardware_irq/irq.c.obj
                0x10000a20                irq_set_mask_enabled
 .text.irq_set_enabled
                0x10000a40        0xe CMakeFiles/cosmicCoincidence.dir/Users/arm8483/.pico-sdk/sdk/1.5.1/src/rp2_common/hardware_irq/irq.c.obj
                0x10000a40                irq_set_enabled
 *fill*         0x10000a4e        0x2 
 .text.irq_set_pending
                0x10000a50       0x10 CMakeFiles/cosmicCoincidence.dir/Users/arm8483/.pico-sdk/sdk/1.5.1/src/rp2_common/hardware_irq/irq.c.obj
                0x10000a50                irq_set_pending
 .text.irq_get_vtable_handler
                0x10000a60       0x10 CMakeFiles/cosmicCoincidence.dir/Users/arm8483/.pico-sdk/sdk/1.5.1/src/rp2_common/hardware_irq/irq.c.obj
                0x10000a60                irq_get_vtable_handler
 .text.irq_has_shared_handler
                0x10000a70       0x24 CMakeFiles/cosmicCoincidence.dir/Users/arm8483/.pico-sdk/sdk/1.5.1/src/rp2_common/hardware_irq/irq.c.obj
                0x10000a70                irq_has_shared_handler
 .text.irq_set_exclusive_handler
                0x10000a94       0x54 CMakeFiles/cosmicCoincidence.dir/Users/arm8483/.pico-sdk/sdk/1.5.1/src/rp2_common/hardware_irq/irq.c.obj
                0x10000a94                irq_set_exclusive_handler
 .text.irq_add_shared_handler
                0x10000ae8      0x210 CMakeFiles/cosmicCoincidence.dir/Users/arm8483/.pico-sdk/sdk/1.5.1/src/rp2_common/hardware_irq/irq.c.obj
                0x10000ae8                irq_add_shared_handler
 .text.irq_remove_handler
                0x10000cf8      0x188 CMakeFiles/cosmicCoincidence.dir/Users/arm8483/.pico-sdk/sdk/1.5.1/src/rp2_common/hardware_irq/irq.c.obj
                0x10000cf8                irq_remove_handler
 .text.irq_set_priority
                0x10000e80       0x28 CMakeFiles/cosmicCoincidence.dir/Users/arm8483/.pico-sdk/sdk/1.5.1/src/rp2_common/hardware_irq/irq.c.obj
                0x10000e80                irq_set_priority
 .text.irq_add_tail_to_free_list
                0x10000ea8       0xf0 CMakeFiles/cosmicCoincidence.dir/Users/arm8483/.pico-sdk/sdk/1.5.1/src/rp2_common/hardware_irq/irq.c.obj
                0x10000ea8                irq_add_tail_to_free_list
 .text.irq_init_priorities
                0x10000f98       0x1c CMakeFiles/cosmicCoincidence.dir/Users/arm8483/.pico-sdk/sdk/1.5.1/src/rp2_common/hardware_irq/irq.c.obj
                0x10000f98                irq_init_priorities
 .text.user_irq_unclaim
                0x10000fb4       0x18 CMakeFiles/cosmicCoincidence.dir/Users/arm8483/.pico-sdk/sdk/1.5.1/src/rp2_common/hardware_irq/irq.c.obj
                0x10000fb4                user_irq_unclaim
 .text.user_irq_claim_unused
                0x10000fcc       0x2c CMakeFiles/cosmicCoincidence.dir/Users/arm8483/.pico-sdk/sdk/1.5.1/src/rp2_common/hardware_irq/irq.c.obj
                0x10000fcc                user_irq_claim_unused
 .text.sem_init
                0x10000ff8       0x1e CMakeFiles/cosmicCoincidence.dir/Users/arm8483/.pico-sdk/sdk/1.5.1/src/common/pico_sync/sem.c.obj
                0x10000ff8                sem_init
 *fill*         0x10001016        0x2 
 .text.lock_init
                0x10001018       0x10 CMakeFiles/cosmicCoincidence.dir/Users/arm8483/.pico-sdk/sdk/1.5.1/src/common/pico_sync/lock_core.c.obj
                0x10001018                lock_init
 .text.update_us_since_boot
                0x10001028       0x24 CMakeFiles/cosmicCoincidence.dir/Users/arm8483/.pico-sdk/sdk/1.5.1/src/common/pico_sync/mutex.c.obj
 .text.delayed_by_ms
                0x1000104c       0x44 CMakeFiles/cosmicCoincidence.dir/Users/arm8483/.pico-sdk/sdk/1.5.1/src/common/pico_sync/mutex.c.obj
 .text.get_absolute_time
                0x10001090       0x22 CMakeFiles/cosmicCoincidence.dir/Users/arm8483/.pico-sdk/sdk/1.5.1/src/common/pico_sync/mutex.c.obj
 .text.make_timeout_time_ms
                0x100010b2       0x20 CMakeFiles/cosmicCoincidence.dir/Users/arm8483/.pico-sdk/sdk/1.5.1/src/common/pico_sync/mutex.c.obj
 .text.mutex_init
                0x100010d2       0x1a CMakeFiles/cosmicCoincidence.dir/Users/arm8483/.pico-sdk/sdk/1.5.1/src/common/pico_sync/mutex.c.obj
                0x100010d2                mutex_init
 .text.recursive_mutex_init
                0x100010ec       0x1e CMakeFiles/cosmicCoincidence.dir/Users/arm8483/.pico-sdk/sdk/1.5.1/src/common/pico_sync/mutex.c.obj
                0x100010ec                recursive_mutex_init
 *fill*         0x1000110a        0x2 
 .text.critical_section_init_with_lock_num
                0x1000110c       0x14 CMakeFiles/cosmicCoincidence.dir/Users/arm8483/.pico-sdk/sdk/1.5.1/src/common/pico_sync/critical_section.c.obj
                0x1000110c                critical_section_init_with_lock_num
 .text.critical_section_init
                0x10001120       0x14 CMakeFiles/cosmicCoincidence.dir/Users/arm8483/.pico-sdk/sdk/1.5.1/src/common/pico_sync/critical_section.c.obj
                0x10001120                critical_section_init
 .text.time_reached
                0x10001134       0x28 CMakeFiles/cosmicCoincidence.dir/Users/arm8483/.pico-sdk/sdk/1.5.1/src/common/pico_time/time.c.obj
 .text.get_entry
                0x1000115c       0x38 CMakeFiles/cosmicCoincidence.dir/Users/arm8483/.pico-sdk/sdk/1.5.1/src/common/pico_time/time.c.obj
 .text.timer_pool_entry_comparator
                0x10001194       0x2e CMakeFiles/cosmicCoincidence.dir/Users/arm8483/.pico-sdk/sdk/1.5.1/src/common/pico_time/time.c.obj
                0x10001194                timer_pool_entry_comparator
 *fill*         0x100011c2        0x2 
 .text.update_us_since_boot
                0x100011c4       0x24 CMakeFiles/cosmicCoincidence.dir/Users/arm8483/.pico-sdk/sdk/1.5.1/src/common/pico_time/time.c.obj
 .text.delayed_by_us
                0x100011e8       0x34 CMakeFiles/cosmicCoincidence.dir/Users/arm8483/.pico-sdk/sdk/1.5.1/src/common/pico_time/time.c.obj
 .text.ph_get_node
                0x1000121c       0x30 CMakeFiles/cosmicCoincidence.dir/Users/arm8483/.pico-sdk/sdk/1.5.1/src/common/pico_time/time.c.obj
 .text.ph_contains_node
                0x1000124c       0x1e CMakeFiles/cosmicCoincidence.dir/Users/arm8483/.pico-sdk/sdk/1.5.1/src/common/pico_time/time.c.obj
 .text.ph_new_node
                0x1000126a       0x28 CMakeFiles/cosmicCoincidence.dir/Users/arm8483/.pico-sdk/sdk/1.5.1/src/common/pico_time/time.c.obj
 *fill*         0x10001292        0x2 
 .text.ph_add_child_node
                0x10001294       0x6c CMakeFiles/cosmicCoincidence.dir/Users/arm8483/.pico-sdk/sdk/1.5.1/src/common/pico_time/time.c.obj
 .text.ph_merge_nodes
                0x10001300       0x3e CMakeFiles/cosmicCoincidence.dir/Users/arm8483/.pico-sdk/sdk/1.5.1/src/common/pico_time/time.c.obj
 *fill*         0x1000133e        0x2 
 .text.ph_insert_node
                0x10001340       0x3c CMakeFiles/cosmicCoincidence.dir/Users/arm8483/.pico-sdk/sdk/1.5.1/src/common/pico_time/time.c.obj
 .text.ph_free_node
                0x1000137c       0x5c CMakeFiles/cosmicCoincidence.dir/Users/arm8483/.pico-sdk/sdk/1.5.1/src/common/pico_time/time.c.obj
 .text.get_entry_id_high
                0x100013d8       0x30 CMakeFiles/cosmicCoincidence.dir/Users/arm8483/.pico-sdk/sdk/1.5.1/src/common/pico_time/time.c.obj
 .text.alarm_pool_post_alloc_init
                0x10001408       0x40 CMakeFiles/cosmicCoincidence.dir/Users/arm8483/.pico-sdk/sdk/1.5.1/src/common/pico_time/time.c.obj
 .text.sleep_until_callback
                0x10001448       0x30 CMakeFiles/cosmicCoincidence.dir/Users/arm8483/.pico-sdk/sdk/1.5.1/src/common/pico_time/time.c.obj
 .text.get_absolute_time
                0x10001478       0x22 CMakeFiles/cosmicCoincidence.dir/Users/arm8483/.pico-sdk/sdk/1.5.1/src/common/pico_time/time.c.obj
 .text.make_timeout_time_us
                0x1000149a       0x24 CMakeFiles/cosmicCoincidence.dir/Users/arm8483/.pico-sdk/sdk/1.5.1/src/common/pico_time/time.c.obj
 *fill*         0x100014be        0x2 
 .text.add_alarm_under_lock
                0x100014c0       0x94 CMakeFiles/cosmicCoincidence.dir/Users/arm8483/.pico-sdk/sdk/1.5.1/src/common/pico_time/time.c.obj
 .text.alarm_pool_alarm_callback
                0x10001554      0x210 CMakeFiles/cosmicCoincidence.dir/Users/arm8483/.pico-sdk/sdk/1.5.1/src/common/pico_time/time.c.obj
 .text.alarm_pool_init_default
                0x10001764       0x40 CMakeFiles/cosmicCoincidence.dir/Users/arm8483/.pico-sdk/sdk/1.5.1/src/common/pico_time/time.c.obj
                0x10001764                alarm_pool_init_default
 .text.alarm_pool_get_default
                0x100017a4       0x2c CMakeFiles/cosmicCoincidence.dir/Users/arm8483/.pico-sdk/sdk/1.5.1/src/common/pico_time/time.c.obj
                0x100017a4                alarm_pool_get_default
 .text.alarm_pool_add_alarm_at
                0x100017d0      0x10e CMakeFiles/cosmicCoincidence.dir/Users/arm8483/.pico-sdk/sdk/1.5.1/src/common/pico_time/time.c.obj
                0x100017d0                alarm_pool_add_alarm_at
 .text.add_alarm_at
                0x100018de       0x2e CMakeFiles/cosmicCoincidence.dir/Users/arm8483/.pico-sdk/sdk/1.5.1/src/common/pico_time/time.c.obj
 .text.alarm_pool_cancel_alarm
                0x1000190c       0xa8 CMakeFiles/cosmicCoincidence.dir/Users/arm8483/.pico-sdk/sdk/1.5.1/src/common/pico_time/time.c.obj
                0x1000190c                alarm_pool_cancel_alarm
 .text.cancel_alarm
                0x100019b4       0x10 CMakeFiles/cosmicCoincidence.dir/Users/arm8483/.pico-sdk/sdk/1.5.1/src/common/pico_time/time.c.obj
 .text.alarm_pool_core_num
                0x100019c4        0x4 CMakeFiles/cosmicCoincidence.dir/Users/arm8483/.pico-sdk/sdk/1.5.1/src/common/pico_time/time.c.obj
                0x100019c4                alarm_pool_core_num
 .text.sleep_until
                0x100019c8       0xb0 CMakeFiles/cosmicCoincidence.dir/Users/arm8483/.pico-sdk/sdk/1.5.1/src/common/pico_time/time.c.obj
                0x100019c8                sleep_until
 .text.sleep_us
                0x10001a78       0x1a CMakeFiles/cosmicCoincidence.dir/Users/arm8483/.pico-sdk/sdk/1.5.1/src/common/pico_time/time.c.obj
                0x10001a78                sleep_us
 .text.sleep_ms
                0x10001a92       0x14 CMakeFiles/cosmicCoincidence.dir/Users/arm8483/.pico-sdk/sdk/1.5.1/src/common/pico_time/time.c.obj
                0x10001a92                sleep_ms
 *fill*         0x10001aa6        0x2 
 .text.best_effort_wfe_or_timeout
                0x10001aa8       0x44 CMakeFiles/cosmicCoincidence.dir/Users/arm8483/.pico-sdk/sdk/1.5.1/src/common/pico_time/time.c.obj
                0x10001aa8                best_effort_wfe_or_timeout
 .text.hardware_alarm_irq_handler
                0x10001aec       0x8c CMakeFiles/cosmicCoincidence.dir/Users/arm8483/.pico-sdk/sdk/1.5.1/src/rp2_common/hardware_timer/timer.c.obj
 .text.hardware_alarm_claim
                0x10001b78       0x18 CMakeFiles/cosmicCoincidence.dir/Users/arm8483/.pico-sdk/sdk/1.5.1/src/rp2_common/hardware_timer/timer.c.obj
                0x10001b78                hardware_alarm_claim
 .text.time_us_64
                0x10001b90       0x18 CMakeFiles/cosmicCoincidence.dir/Users/arm8483/.pico-sdk/sdk/1.5.1/src/rp2_common/hardware_timer/timer.c.obj
                0x10001b90                time_us_64
 .text.busy_wait_until
                0x10001ba8       0x28 CMakeFiles/cosmicCoincidence.dir/Users/arm8483/.pico-sdk/sdk/1.5.1/src/rp2_common/hardware_timer/timer.c.obj
                0x10001ba8                busy_wait_until
 .text.hardware_alarm_set_callback
                0x10001bd0       0x90 CMakeFiles/cosmicCoincidence.dir/Users/arm8483/.pico-sdk/sdk/1.5.1/src/rp2_common/hardware_timer/timer.c.obj
                0x10001bd0                hardware_alarm_set_callback
 .text.hardware_alarm_set_target
                0x10001c60       0xe8 CMakeFiles/cosmicCoincidence.dir/Users/arm8483/.pico-sdk/sdk/1.5.1/src/rp2_common/hardware_timer/timer.c.obj
                0x10001c60                hardware_alarm_set_target
 .text.hardware_alarm_cancel
                0x10001d48       0x40 CMakeFiles/cosmicCoincidence.dir/Users/arm8483/.pico-sdk/sdk/1.5.1/src/rp2_common/hardware_timer/timer.c.obj
                0x10001d48                hardware_alarm_cancel
 .text.ph_get_node
                0x10001d88       0x30 CMakeFiles/cosmicCoincidence.dir/Users/arm8483/.pico-sdk/sdk/1.5.1/src/common/pico_util/pheap.c.obj
 .text.ph_add_child_node
                0x10001db8       0x6c CMakeFiles/cosmicCoincidence.dir/Users/arm8483/.pico-sdk/sdk/1.5.1/src/common/pico_util/pheap.c.obj
 .text.ph_merge_nodes
                0x10001e24       0x3e CMakeFiles/cosmicCoincidence.dir/Users/arm8483/.pico-sdk/sdk/1.5.1/src/common/pico_util/pheap.c.obj
 .text.ph_clear
                0x10001e62       0x34 CMakeFiles/cosmicCoincidence.dir/Users/arm8483/.pico-sdk/sdk/1.5.1/src/common/pico_util/pheap.c.obj
                0x10001e62                ph_clear
 .text.ph_post_alloc_init
                0x10001e96        0xe CMakeFiles/cosmicCoincidence.dir/Users/arm8483/.pico-sdk/sdk/1.5.1/src/common/pico_util/pheap.c.obj
                0x10001e96                ph_post_alloc_init
 .text.ph_merge_two_pass
                0x10001ea4       0x5c CMakeFiles/cosmicCoincidence.dir/Users/arm8483/.pico-sdk/sdk/1.5.1/src/common/pico_util/pheap.c.obj
                0x10001ea4                ph_merge_two_pass
 .text.ph_remove_any_head
                0x10001f00       0xc0 CMakeFiles/cosmicCoincidence.dir/Users/arm8483/.pico-sdk/sdk/1.5.1/src/common/pico_util/pheap.c.obj
 .text.ph_remove_head
                0x10001fc0       0x14 CMakeFiles/cosmicCoincidence.dir/Users/arm8483/.pico-sdk/sdk/1.5.1/src/common/pico_util/pheap.c.obj
                0x10001fc0                ph_remove_head
 .text.ph_remove_and_free_node
                0x10001fd4       0xa0 CMakeFiles/cosmicCoincidence.dir/Users/arm8483/.pico-sdk/sdk/1.5.1/src/common/pico_util/pheap.c.obj
                0x10001fd4                ph_remove_and_free_node
 .text.clock_configure
                0x10002074      0x108 CMakeFiles/cosmicCoincidence.dir/Users/arm8483/.pico-sdk/sdk/1.5.1/src/rp2_common/hardware_clocks/clocks.c.obj
                0x10002074                clock_configure
 .text.clocks_init
                0x1000217c      0x100 CMakeFiles/cosmicCoincidence.dir/Users/arm8483/.pico-sdk/sdk/1.5.1/src/rp2_common/hardware_clocks/clocks.c.obj
                0x1000217c                clocks_init
 .text.clock_get_hz
                0x1000227c        0xc CMakeFiles/cosmicCoincidence.dir/Users/arm8483/.pico-sdk/sdk/1.5.1/src/rp2_common/hardware_clocks/clocks.c.obj
                0x1000227c                clock_get_hz
 .text.pll_init
                0x10002288      0x120 CMakeFiles/cosmicCoincidence.dir/Users/arm8483/.pico-sdk/sdk/1.5.1/src/rp2_common/hardware_pll/pll.c.obj
                0x10002288                pll_init
 .text.watchdog_start_tick
                0x100023a8       0x10 CMakeFiles/cosmicCoincidence.dir/Users/arm8483/.pico-sdk/sdk/1.5.1/src/rp2_common/hardware_watchdog/watchdog.c.obj
                0x100023a8                watchdog_start_tick
 .text.watchdog_update
                0x100023b8       0x14 CMakeFiles/cosmicCoincidence.dir/Users/arm8483/.pico-sdk/sdk/1.5.1/src/rp2_common/hardware_watchdog/watchdog.c.obj
                0x100023b8                watchdog_update
 .text._watchdog_enable
                0x100023cc       0x78 CMakeFiles/cosmicCoincidence.dir/Users/arm8483/.pico-sdk/sdk/1.5.1/src/rp2_common/hardware_watchdog/watchdog.c.obj
                0x100023cc                _watchdog_enable
 .text.watchdog_reboot
                0x10002444       0x48 CMakeFiles/cosmicCoincidence.dir/Users/arm8483/.pico-sdk/sdk/1.5.1/src/rp2_common/hardware_watchdog/watchdog.c.obj
                0x10002444                watchdog_reboot
 .text.xosc_init
                0x1000248c       0x28 CMakeFiles/cosmicCoincidence.dir/Users/arm8483/.pico-sdk/sdk/1.5.1/src/rp2_common/hardware_xosc/xosc.c.obj
                0x1000248c                xosc_init
 .text._exit    0x100024b4        0x4 CMakeFiles/cosmicCoincidence.dir/Users/arm8483/.pico-sdk/sdk/1.5.1/src/rp2_common/pico_runtime/runtime.c.obj
                0x100024b4                _exit
 .text.exit     0x100024b8        0x6 CMakeFiles/cosmicCoincidence.dir/Users/arm8483/.pico-sdk/sdk/1.5.1/src/rp2_common/pico_runtime/runtime.c.obj
                0x100024b8                exit
 *fill*         0x100024be        0x2 
 .text.__assert_func
                0x100024c0       0x38 CMakeFiles/cosmicCoincidence.dir/Users/arm8483/.pico-sdk/sdk/1.5.1/src/rp2_common/pico_runtime/runtime.c.obj
                0x100024c0                __assert_func
 .text.runtime_init
                0x100024f8       0xf8 CMakeFiles/cosmicCoincidence.dir/Users/arm8483/.pico-sdk/sdk/1.5.1/src/rp2_common/pico_runtime/runtime.c.obj
                0x100024f8                runtime_init
 .text.panic    0x100025f0       0x30 CMakeFiles/cosmicCoincidence.dir/Users/arm8483/.pico-sdk/sdk/1.5.1/src/rp2_common/pico_runtime/runtime.c.obj
                0x100025f0                panic
 .text.panic_unsupported
                0x10002620        0xc CMakeFiles/cosmicCoincidence.dir/Users/arm8483/.pico-sdk/sdk/1.5.1/src/rp2_common/pico_runtime/runtime.c.obj
                0x10002620                panic_unsupported
 .text._out_null
                0x1000262c        0x2 CMakeFiles/cosmicCoincidence.dir/Users/arm8483/.pico-sdk/sdk/1.5.1/src/rp2_common/pico_printf/printf.c.obj
 .text._out_fct
                0x1000262e        0xe CMakeFiles/cosmicCoincidence.dir/Users/arm8483/.pico-sdk/sdk/1.5.1/src/rp2_common/pico_printf/printf.c.obj
 .text._atoi    0x1000263c       0x24 CMakeFiles/cosmicCoincidence.dir/Users/arm8483/.pico-sdk/sdk/1.5.1/src/rp2_common/pico_printf/printf.c.obj
 .text._out_rev
                0x10002660       0xae CMakeFiles/cosmicCoincidence.dir/Users/arm8483/.pico-sdk/sdk/1.5.1/src/rp2_common/pico_printf/printf.c.obj
 .text._ntoa_format
                0x1000270e      0x110 CMakeFiles/cosmicCoincidence.dir/Users/arm8483/.pico-sdk/sdk/1.5.1/src/rp2_common/pico_printf/printf.c.obj
 .text._ntoa_long
                0x1000281e       0xbc CMakeFiles/cosmicCoincidence.dir/Users/arm8483/.pico-sdk/sdk/1.5.1/src/rp2_common/pico_printf/printf.c.obj
 .text._ntoa_long_long
                0x100028da      0x10e CMakeFiles/cosmicCoincidence.dir/Users/arm8483/.pico-sdk/sdk/1.5.1/src/rp2_common/pico_printf/printf.c.obj
 .text._etoa    0x100029e8      0x420 CMakeFiles/cosmicCoincidence.dir/Users/arm8483/.pico-sdk/sdk/1.5.1/src/rp2_common/pico_printf/printf.c.obj
 .text._ftoa    0x10002e08      0x354 CMakeFiles/cosmicCoincidence.dir/Users/arm8483/.pico-sdk/sdk/1.5.1/src/rp2_common/pico_printf/printf.c.obj
 .text._vsnprintf
                0x1000315c      0x668 CMakeFiles/cosmicCoincidence.dir/Users/arm8483/.pico-sdk/sdk/1.5.1/src/rp2_common/pico_printf/printf.c.obj
 .text.vfctprintf
                0x100037c4       0x20 CMakeFiles/cosmicCoincidence.dir/Users/arm8483/.pico-sdk/sdk/1.5.1/src/rp2_common/pico_printf/printf.c.obj
                0x100037c4                vfctprintf
 .text          0x100037e4       0x10 CMakeFiles/cosmicCoincidence.dir/Users/arm8483/.pico-sdk/sdk/1.5.1/src/rp2_common/pico_bit_ops/bit_ops_aeabi.S.obj
 .text.ctzsi    0x100037f4        0xc CMakeFiles/cosmicCoincidence.dir/Users/arm8483/.pico-sdk/sdk/1.5.1/src/rp2_common/pico_bit_ops/bit_ops_aeabi.S.obj
                0x100037f4                __wrap___ctzsi2
 .text.popcountsi
                0x10003800        0xc CMakeFiles/cosmicCoincidence.dir/Users/arm8483/.pico-sdk/sdk/1.5.1/src/rp2_common/pico_bit_ops/bit_ops_aeabi.S.obj
                0x10003800                __wrap___popcountsi2
 .text.rom_func_lookup
                0x1000380c       0x10 CMakeFiles/cosmicCoincidence.dir/Users/arm8483/.pico-sdk/sdk/1.5.1/src/rp2_common/pico_bootrom/bootrom.c.obj
                0x1000380c                rom_func_lookup
 .text.rom_data_lookup
                0x1000381c       0x10 CMakeFiles/cosmicCoincidence.dir/Users/arm8483/.pico-sdk/sdk/1.5.1/src/rp2_common/pico_bootrom/bootrom.c.obj
                0x1000381c                rom_data_lookup
 .text.rom_funcs_lookup
                0x1000382c       0x36 CMakeFiles/cosmicCoincidence.dir/Users/arm8483/.pico-sdk/sdk/1.5.1/src/rp2_common/pico_bootrom/bootrom.c.obj
                0x1000382c                rom_funcs_lookup
 *fill*         0x10003862        0x2 
 .text.__wrap___aeabi_idiv
                0x10003864       0x50 CMakeFiles/cosmicCoincidence.dir/Users/arm8483/.pico-sdk/sdk/1.5.1/src/rp2_common/pico_divider/divider.S.obj
                0x10003864                __wrap___aeabi_idivmod
                0x10003864                divmod_s32s32
                0x10003864                div_s32s32
                0x10003864                __wrap___aeabi_idiv
                0x1000386c                divmod_s32s32_unsafe
                0x10003898                divmod_s32s32_savestate
 .text.__wrap___aeabi_uidiv
                0x100038b4       0x4c CMakeFiles/cosmicCoincidence.dir/Users/arm8483/.pico-sdk/sdk/1.5.1/src/rp2_common/pico_divider/divider.S.obj
                0x100038b4                __wrap___aeabi_uidiv
                0x100038b4                __wrap___aeabi_uidivmod
                0x100038b4                div_u32u32
                0x100038b4                divmod_u32u32
                0x100038bc                divmod_u32u32_unsafe
                0x100038e4                divmod_u32u32_savestate
 .text.__wrap___aeabi_ldiv
                0x10003900      0x424 CMakeFiles/cosmicCoincidence.dir/Users/arm8483/.pico-sdk/sdk/1.5.1/src/rp2_common/pico_divider/divider.S.obj
                0x10003900                __wrap___aeabi_ldivmod
                0x10003900                div_s64s64
                0x10003900                divmod_s64s64
                0x10003930                divmod_u64u64
                0x10003930                div_u64u64
                0x10003930                __wrap___aeabi_uldivmod
                0x10003940                divmod_u64u64_savestate
                0x10003960                divmod_s64s64_unsafe
                0x100039e8                divmod_u64u64_unsafe
 .text.__wrap___aeabi_darithmetic
                0x10003d24       0x60 CMakeFiles/cosmicCoincidence.dir/Users/arm8483/.pico-sdk/sdk/1.5.1/src/rp2_common/pico_double/double_aeabi.S.obj
                0x10003d24                __wrap___aeabi_drsub
                0x10003d2a                __wrap___aeabi_dsub
                0x10003d34                __wrap___aeabi_dadd
                0x10003d3e                __wrap___aeabi_ddiv
                0x10003d72                __wrap___aeabi_dmul
 .text.__wrap___aeabi_cdcmple
                0x10003d84       0x6c CMakeFiles/cosmicCoincidence.dir/Users/arm8483/.pico-sdk/sdk/1.5.1/src/rp2_common/pico_double/double_aeabi.S.obj
                0x10003d84                __wrap___aeabi_cdrcmple
                0x10003d94                __wrap___aeabi_cdcmple
                0x10003d94                __wrap___aeabi_cdcmpeq
 .text.__wrap___aeabi_dcmplt
                0x10003df0        0xc CMakeFiles/cosmicCoincidence.dir/Users/arm8483/.pico-sdk/sdk/1.5.1/src/rp2_common/pico_double/double_aeabi.S.obj
                0x10003df0                __wrap___aeabi_dcmplt
 .text.__wrap___aeabi_dcmple
                0x10003dfc       0x10 CMakeFiles/cosmicCoincidence.dir/Users/arm8483/.pico-sdk/sdk/1.5.1/src/rp2_common/pico_double/double_aeabi.S.obj
                0x10003dfc                __wrap___aeabi_dcmple
 .text.__wrap___aeabi_dcmpge
                0x10003e0c       0x10 CMakeFiles/cosmicCoincidence.dir/Users/arm8483/.pico-sdk/sdk/1.5.1/src/rp2_common/pico_double/double_aeabi.S.obj
                0x10003e0c                __wrap___aeabi_dcmpge
 .text.__wrap___aeabi_dcmpgt
                0x10003e1c        0xa CMakeFiles/cosmicCoincidence.dir/Users/arm8483/.pico-sdk/sdk/1.5.1/src/rp2_common/pico_double/double_aeabi.S.obj
                0x10003e1c                __wrap___aeabi_dcmpgt
 .text.__wrap___aeabi_dcmpun
                0x10003e26       0x1c CMakeFiles/cosmicCoincidence.dir/Users/arm8483/.pico-sdk/sdk/1.5.1/src/rp2_common/pico_double/double_aeabi.S.obj
                0x10003e26                __wrap___aeabi_dcmpun
 *fill*         0x10003e42        0x2 
 .text.__wrap___aeabi_i2d
                0x10003e44       0x38 CMakeFiles/cosmicCoincidence.dir/Users/arm8483/.pico-sdk/sdk/1.5.1/src/rp2_common/pico_double/double_aeabi.S.obj
                0x10003e44                __wrap___aeabi_ui2d
                0x10003e4c                __wrap___aeabi_i2d
 .text.__wrap___aeabi_d2iz
                0x10003e7c       0x48 CMakeFiles/cosmicCoincidence.dir/Users/arm8483/.pico-sdk/sdk/1.5.1/src/rp2_common/pico_double/double_aeabi.S.obj
                0x10003e7c                __wrap___aeabi_d2iz
                0x10003e7c                double2int_z
 .text.__wrap___aeabi_d2uiz
                0x10003ec4       0x10 CMakeFiles/cosmicCoincidence.dir/Users/arm8483/.pico-sdk/sdk/1.5.1/src/rp2_common/pico_double/double_aeabi.S.obj
                0x10003ec4                double2uint
                0x10003ec4                __wrap___aeabi_d2uiz
 .text.missing_double_func_shim
                0x10003ed4        0xc CMakeFiles/cosmicCoincidence.dir/Users/arm8483/.pico-sdk/sdk/1.5.1/src/rp2_common/pico_double/double_init_rom.c.obj
 .text.__aeabi_double_init
                0x10003ee0       0xd0 CMakeFiles/cosmicCoincidence.dir/Users/arm8483/.pico-sdk/sdk/1.5.1/src/rp2_common/pico_double/double_init_rom.c.obj
                0x10003ee0                __aeabi_double_init
 .text.double_table_shim_on_use_helper
                0x10003fb0       0x34 CMakeFiles/cosmicCoincidence.dir/Users/arm8483/.pico-sdk/sdk/1.5.1/src/rp2_common/pico_double/double_v1_rom_shim.S.obj
                0x10003fb0                double_table_shim_on_use_helper
 .text.__aeabi_lmul
                0x10003fe4       0x32 CMakeFiles/cosmicCoincidence.dir/Users/arm8483/.pico-sdk/sdk/1.5.1/src/rp2_common/pico_int64_ops/pico_int64_ops_aeabi.S.obj
                0x10003fe4                __wrap___aeabi_lmul
 *fill*         0x10004016        0x2 
 .text.missing_float_func_shim
                0x10004018        0xc CMakeFiles/cosmicCoincidence.dir/Users/arm8483/.pico-sdk/sdk/1.5.1/src/rp2_common/pico_float/float_init_rom.c.obj
 .text.__aeabi_float_init
                0x10004024       0x88 CMakeFiles/cosmicCoincidence.dir/Users/arm8483/.pico-sdk/sdk/1.5.1/src/rp2_common/pico_float/float_init_rom.c.obj
                0x10004024                __aeabi_float_init
 .text          0x100040ac       0x10 CMakeFiles/cosmicCoincidence.dir/Users/arm8483/.pico-sdk/sdk/1.5.1/src/rp2_common/pico_mem_ops/mem_ops_aeabi.S.obj
                0x100040ac                __aeabi_mem_init
 .text.memset   0x100040bc        0xc CMakeFiles/cosmicCoincidence.dir/Users/arm8483/.pico-sdk/sdk/1.5.1/src/rp2_common/pico_mem_ops/mem_ops_aeabi.S.obj
                0x100040bc                __wrap_memset
 .text.memcpy   0x100040c8        0xc CMakeFiles/cosmicCoincidence.dir/Users/arm8483/.pico-sdk/sdk/1.5.1/src/rp2_common/pico_mem_ops/mem_ops_aeabi.S.obj
                0x100040c8                __wrap___aeabi_memcpy
                0x100040c8                __wrap_memcpy
 .text.stdio_out_chars_no_crlf
                0x100040d4        0xe CMakeFiles/cosmicCoincidence.dir/Users/arm8483/.pico-sdk/sdk/1.5.1/src/rp2_common/pico_stdio/stdio.c.obj
 *fill*         0x100040e2        0x2 
 .text.stdio_out_chars_crlf
                0x100040e4       0x80 CMakeFiles/cosmicCoincidence.dir/Users/arm8483/.pico-sdk/sdk/1.5.1/src/rp2_common/pico_stdio/stdio.c.obj
 .text.stdio_stack_buffer_flush
                0x10004164       0x44 CMakeFiles/cosmicCoincidence.dir/Users/arm8483/.pico-sdk/sdk/1.5.1/src/rp2_common/pico_stdio/stdio.c.obj
 .text.stdio_buffered_printer
                0x100041a8       0x20 CMakeFiles/cosmicCoincidence.dir/Users/arm8483/.pico-sdk/sdk/1.5.1/src/rp2_common/pico_stdio/stdio.c.obj
 .text.update_us_since_boot
                0x100041c8       0x24 CMakeFiles/cosmicCoincidence.dir/Users/arm8483/.pico-sdk/sdk/1.5.1/src/rp2_common/pico_stdio/stdio.c.obj
 .text.get_absolute_time
                0x100041ec       0x22 CMakeFiles/cosmicCoincidence.dir/Users/arm8483/.pico-sdk/sdk/1.5.1/src/rp2_common/pico_stdio/stdio.c.obj
 *fill*         0x1000420e        0x2 
 .text.delayed_by_ms
                0x10004210       0x44 CMakeFiles/cosmicCoincidence.dir/Users/arm8483/.pico-sdk/sdk/1.5.1/src/rp2_common/pico_stdio/stdio.c.obj
 .text.make_timeout_time_ms
                0x10004254       0x20 CMakeFiles/cosmicCoincidence.dir/Users/arm8483/.pico-sdk/sdk/1.5.1/src/rp2_common/pico_stdio/stdio.c.obj
 .text.stdout_serialize_begin
                0x10004274       0x20 CMakeFiles/cosmicCoincidence.dir/Users/arm8483/.pico-sdk/sdk/1.5.1/src/rp2_common/pico_stdio/stdio.c.obj
                0x10004274                stdout_serialize_begin
 .text.stdout_serialize_end
                0x10004294       0x10 CMakeFiles/cosmicCoincidence.dir/Users/arm8483/.pico-sdk/sdk/1.5.1/src/rp2_common/pico_stdio/stdio.c.obj
                0x10004294                stdout_serialize_end
 .text.stdio_put_string
                0x100042a4       0x98 CMakeFiles/cosmicCoincidence.dir/Users/arm8483/.pico-sdk/sdk/1.5.1/src/rp2_common/pico_stdio/stdio.c.obj
 .text.__wrap_putchar
                0x1000433c       0x1c CMakeFiles/cosmicCoincidence.dir/Users/arm8483/.pico-sdk/sdk/1.5.1/src/rp2_common/pico_stdio/stdio.c.obj
                0x1000433c                __wrap_putchar
 .text.stdio_set_driver_enabled
                0x10004358       0x2c CMakeFiles/cosmicCoincidence.dir/Users/arm8483/.pico-sdk/sdk/1.5.1/src/rp2_common/pico_stdio/stdio.c.obj
                0x10004358                stdio_set_driver_enabled
 .text.stdio_flush
                0x10004384       0x20 CMakeFiles/cosmicCoincidence.dir/Users/arm8483/.pico-sdk/sdk/1.5.1/src/rp2_common/pico_stdio/stdio.c.obj
                0x10004384                stdio_flush
 .text.__wrap_puts
                0x100043a4       0x1e CMakeFiles/cosmicCoincidence.dir/Users/arm8483/.pico-sdk/sdk/1.5.1/src/rp2_common/pico_stdio/stdio.c.obj
                0x100043a4                __wrap_puts
 *fill*         0x100043c2        0x2 
 .text.__wrap_vprintf
                0x100043c4       0x40 CMakeFiles/cosmicCoincidence.dir/Users/arm8483/.pico-sdk/sdk/1.5.1/src/rp2_common/pico_stdio/stdio.c.obj
                0x100043c4                __wrap_vprintf
 .text.__wrap_printf
                0x10004404       0x18 CMakeFiles/cosmicCoincidence.dir/Users/arm8483/.pico-sdk/sdk/1.5.1/src/rp2_common/pico_stdio/stdio.c.obj
                0x10004404                __wrap_printf
 .text.stdio_init_all
                0x1000441c        0x8 CMakeFiles/cosmicCoincidence.dir/Users/arm8483/.pico-sdk/sdk/1.5.1/src/rp2_common/pico_stdio/stdio.c.obj
                0x1000441c                stdio_init_all
 .text.resetd_init
                0x10004424        0x2 CMakeFiles/cosmicCoincidence.dir/Users/arm8483/.pico-sdk/sdk/1.5.1/src/rp2_common/pico_stdio_usb/reset_interface.c.obj
 *fill*         0x10004426        0x2 
 .text.resetd_reset
                0x10004428        0xc CMakeFiles/cosmicCoincidence.dir/Users/arm8483/.pico-sdk/sdk/1.5.1/src/rp2_common/pico_stdio_usb/reset_interface.c.obj
 .text.resetd_open
                0x10004434       0x34 CMakeFiles/cosmicCoincidence.dir/Users/arm8483/.pico-sdk/sdk/1.5.1/src/rp2_common/pico_stdio_usb/reset_interface.c.obj
 .text.resetd_xfer_cb
                0x10004468        0x4 CMakeFiles/cosmicCoincidence.dir/Users/arm8483/.pico-sdk/sdk/1.5.1/src/rp2_common/pico_stdio_usb/reset_interface.c.obj
 .text.reset_usb_boot
                0x1000446c       0x18 CMakeFiles/cosmicCoincidence.dir/Users/arm8483/.pico-sdk/sdk/1.5.1/src/rp2_common/pico_stdio_usb/reset_interface.c.obj
 .text.resetd_control_xfer_cb
                0x10004484       0x5c CMakeFiles/cosmicCoincidence.dir/Users/arm8483/.pico-sdk/sdk/1.5.1/src/rp2_common/pico_stdio_usb/reset_interface.c.obj
 .text.usbd_app_driver_get_cb
                0x100044e0        0xc CMakeFiles/cosmicCoincidence.dir/Users/arm8483/.pico-sdk/sdk/1.5.1/src/rp2_common/pico_stdio_usb/reset_interface.c.obj
                0x100044e0                usbd_app_driver_get_cb
 .text.tud_cdc_line_coding_cb
                0x100044ec       0x28 CMakeFiles/cosmicCoincidence.dir/Users/arm8483/.pico-sdk/sdk/1.5.1/src/rp2_common/pico_stdio_usb/reset_interface.c.obj
                0x100044ec                tud_cdc_line_coding_cb
 .text.stdio_usb_set_chars_available_callback
                0x10004514       0x14 CMakeFiles/cosmicCoincidence.dir/Users/arm8483/.pico-sdk/sdk/1.5.1/src/rp2_common/pico_stdio_usb/stdio_usb.c.obj
                0x10004514                stdio_usb_set_chars_available_callback
 .text.update_us_since_boot
                0x10004528       0x24 CMakeFiles/cosmicCoincidence.dir/Users/arm8483/.pico-sdk/sdk/1.5.1/src/rp2_common/pico_stdio_usb/stdio_usb.c.obj
 .text.get_absolute_time
                0x1000454c       0x22 CMakeFiles/cosmicCoincidence.dir/Users/arm8483/.pico-sdk/sdk/1.5.1/src/rp2_common/pico_stdio_usb/stdio_usb.c.obj
 *fill*         0x1000456e        0x2 
 .text.delayed_by_ms
                0x10004570       0x44 CMakeFiles/cosmicCoincidence.dir/Users/arm8483/.pico-sdk/sdk/1.5.1/src/rp2_common/pico_stdio_usb/stdio_usb.c.obj
 .text.make_timeout_time_ms
                0x100045b4       0x20 CMakeFiles/cosmicCoincidence.dir/Users/arm8483/.pico-sdk/sdk/1.5.1/src/rp2_common/pico_stdio_usb/stdio_usb.c.obj
 .text.delayed_by_us
                0x100045d4       0x34 CMakeFiles/cosmicCoincidence.dir/Users/arm8483/.pico-sdk/sdk/1.5.1/src/rp2_common/pico_stdio_usb/stdio_usb.c.obj
 .text.usb_irq  0x10004608       0x10 CMakeFiles/cosmicCoincidence.dir/Users/arm8483/.pico-sdk/sdk/1.5.1/src/rp2_common/pico_stdio_usb/stdio_usb.c.obj
 .text.critical_section_enter_blocking
                0x10004618       0x16 CMakeFiles/cosmicCoincidence.dir/Users/arm8483/.pico-sdk/sdk/1.5.1/src/rp2_common/pico_stdio_usb/stdio_usb.c.obj
 *fill*         0x1000462e        0x2 
 .text.timer_task
                0x10004630       0x4c CMakeFiles/cosmicCoincidence.dir/Users/arm8483/.pico-sdk/sdk/1.5.1/src/rp2_common/pico_stdio_usb/stdio_usb.c.obj
 .text.alarm_pool_add_alarm_in_us
                0x1000467c       0x3a CMakeFiles/cosmicCoincidence.dir/Users/arm8483/.pico-sdk/sdk/1.5.1/src/rp2_common/pico_stdio_usb/stdio_usb.c.obj
 .text.add_alarm_in_us
                0x100046b6       0x2e CMakeFiles/cosmicCoincidence.dir/Users/arm8483/.pico-sdk/sdk/1.5.1/src/rp2_common/pico_stdio_usb/stdio_usb.c.obj
 .text.low_priority_worker_irq
                0x100046e4       0x7c CMakeFiles/cosmicCoincidence.dir/Users/arm8483/.pico-sdk/sdk/1.5.1/src/rp2_common/pico_stdio_usb/stdio_usb.c.obj
 .text.tud_cdc_rx_cb
                0x10004760       0x20 CMakeFiles/cosmicCoincidence.dir/Users/arm8483/.pico-sdk/sdk/1.5.1/src/rp2_common/pico_stdio_usb/stdio_usb.c.obj
                0x10004760                tud_cdc_rx_cb
 .text.stdio_usb_init
                0x10004780       0xd0 CMakeFiles/cosmicCoincidence.dir/Users/arm8483/.pico-sdk/sdk/1.5.1/src/rp2_common/pico_stdio_usb/stdio_usb.c.obj
                0x10004780                stdio_usb_init
 .text.stdio_usb_connected
                0x10004850        0xa CMakeFiles/cosmicCoincidence.dir/Users/arm8483/.pico-sdk/sdk/1.5.1/src/rp2_common/pico_stdio_usb/stdio_usb.c.obj
                0x10004850                stdio_usb_connected
 *fill*         0x1000485a        0x2 
 .text.stdio_usb_in_chars
                0x1000485c       0x88 CMakeFiles/cosmicCoincidence.dir/Users/arm8483/.pico-sdk/sdk/1.5.1/src/rp2_common/pico_stdio_usb/stdio_usb.c.obj
                0x1000485c                stdio_usb_in_chars
 .text.stdio_usb_out_chars
                0x100048e4       0xd8 CMakeFiles/cosmicCoincidence.dir/Users/arm8483/.pico-sdk/sdk/1.5.1/src/rp2_common/pico_stdio_usb/stdio_usb.c.obj
 .text.tud_descriptor_device_cb
                0x100049bc        0x8 CMakeFiles/cosmicCoincidence.dir/Users/arm8483/.pico-sdk/sdk/1.5.1/src/rp2_common/pico_stdio_usb/stdio_usb_descriptors.c.obj
                0x100049bc                tud_descriptor_device_cb
 .text.tud_descriptor_configuration_cb
                0x100049c4        0x8 CMakeFiles/cosmicCoincidence.dir/Users/arm8483/.pico-sdk/sdk/1.5.1/src/rp2_common/pico_stdio_usb/stdio_usb_descriptors.c.obj
                0x100049c4                tud_descriptor_configuration_cb
 .text.tud_descriptor_string_cb
                0x100049cc       0x6c CMakeFiles/cosmicCoincidence.dir/Users/arm8483/.pico-sdk/sdk/1.5.1/src/rp2_common/pico_stdio_usb/stdio_usb_descriptors.c.obj
                0x100049cc                tud_descriptor_string_cb
 .text._retrieve_unique_id_on_boot
                0x10004a38       0x10 CMakeFiles/cosmicCoincidence.dir/Users/arm8483/.pico-sdk/sdk/1.5.1/src/rp2_common/pico_unique_id/unique_id.c.obj
 .text.pico_get_unique_board_id
                0x10004a48       0x10 CMakeFiles/cosmicCoincidence.dir/Users/arm8483/.pico-sdk/sdk/1.5.1/src/rp2_common/pico_unique_id/unique_id.c.obj
                0x10004a48                pico_get_unique_board_id
 .text.pico_get_unique_board_id_string
                0x10004a58       0x5c CMakeFiles/cosmicCoincidence.dir/Users/arm8483/.pico-sdk/sdk/1.5.1/src/rp2_common/pico_unique_id/unique_id.c.obj
                0x10004a58                pico_get_unique_board_id_string
 .text.flash_get_unique_id
                0x10004ab4       0x40 CMakeFiles/cosmicCoincidence.dir/Users/arm8483/.pico-sdk/sdk/1.5.1/src/rp2_common/hardware_flash/flash.c.obj
                0x10004ab4                flash_get_unique_id
 .text.hw_endpoint_get_by_addr
                0x10004af4       0x18 CMakeFiles/cosmicCoincidence.dir/Users/arm8483/.pico-sdk/sdk/1.5.1/lib/tinyusb/src/portable/raspberrypi/rp2040/dcd_rp2040.c.obj
 .text._hw_endpoint_alloc
                0x10004b0c       0x70 CMakeFiles/cosmicCoincidence.dir/Users/arm8483/.pico-sdk/sdk/1.5.1/lib/tinyusb/src/portable/raspberrypi/rp2040/dcd_rp2040.c.obj
 .text.hw_endpoint_init
                0x10004b7c       0x88 CMakeFiles/cosmicCoincidence.dir/Users/arm8483/.pico-sdk/sdk/1.5.1/lib/tinyusb/src/portable/raspberrypi/rp2040/dcd_rp2040.c.obj
 .text.dcd_event_sof
                0x10004c04       0x2c CMakeFiles/cosmicCoincidence.dir/Users/arm8483/.pico-sdk/sdk/1.5.1/lib/tinyusb/src/portable/raspberrypi/rp2040/dcd_rp2040.c.obj
 .text.hw_endpoint_xfer
                0x10004c30       0x14 CMakeFiles/cosmicCoincidence.dir/Users/arm8483/.pico-sdk/sdk/1.5.1/lib/tinyusb/src/portable/raspberrypi/rp2040/dcd_rp2040.c.obj
 .text.dcd_int_enable
                0x10004c44       0x2c CMakeFiles/cosmicCoincidence.dir/Users/arm8483/.pico-sdk/sdk/1.5.1/lib/tinyusb/src/portable/raspberrypi/rp2040/dcd_rp2040.c.obj
                0x10004c44                dcd_int_enable
 .text.dcd_set_address
                0x10004c70       0x2c CMakeFiles/cosmicCoincidence.dir/Users/arm8483/.pico-sdk/sdk/1.5.1/lib/tinyusb/src/portable/raspberrypi/rp2040/dcd_rp2040.c.obj
                0x10004c70                dcd_set_address
 .text.dcd_connect
                0x10004c9c       0x10 CMakeFiles/cosmicCoincidence.dir/Users/arm8483/.pico-sdk/sdk/1.5.1/lib/tinyusb/src/portable/raspberrypi/rp2040/dcd_rp2040.c.obj
                0x10004c9c                dcd_connect
 .text.dcd_init
                0x10004cac       0x80 CMakeFiles/cosmicCoincidence.dir/Users/arm8483/.pico-sdk/sdk/1.5.1/lib/tinyusb/src/portable/raspberrypi/rp2040/dcd_rp2040.c.obj
                0x10004cac                dcd_init
 .text.dcd_edpt0_status_complete
                0x10004d2c       0x1c CMakeFiles/cosmicCoincidence.dir/Users/arm8483/.pico-sdk/sdk/1.5.1/lib/tinyusb/src/portable/raspberrypi/rp2040/dcd_rp2040.c.obj
                0x10004d2c                dcd_edpt0_status_complete
 .text.dcd_edpt_open
                0x10004d48       0x40 CMakeFiles/cosmicCoincidence.dir/Users/arm8483/.pico-sdk/sdk/1.5.1/lib/tinyusb/src/portable/raspberrypi/rp2040/dcd_rp2040.c.obj
                0x10004d48                dcd_edpt_open
 .text.dcd_edpt_close_all
                0x10004d88        0x8 CMakeFiles/cosmicCoincidence.dir/Users/arm8483/.pico-sdk/sdk/1.5.1/lib/tinyusb/src/portable/raspberrypi/rp2040/dcd_rp2040.c.obj
                0x10004d88                dcd_edpt_close_all
 .text.dcd_edpt_xfer
                0x10004d90       0x34 CMakeFiles/cosmicCoincidence.dir/Users/arm8483/.pico-sdk/sdk/1.5.1/lib/tinyusb/src/portable/raspberrypi/rp2040/dcd_rp2040.c.obj
                0x10004d90                dcd_edpt_xfer
 .text.dcd_edpt_stall
                0x10004dc4       0x2c CMakeFiles/cosmicCoincidence.dir/Users/arm8483/.pico-sdk/sdk/1.5.1/lib/tinyusb/src/portable/raspberrypi/rp2040/dcd_rp2040.c.obj
                0x10004dc4                dcd_edpt_stall
 .text.dcd_edpt_clear_stall
                0x10004df0       0x20 CMakeFiles/cosmicCoincidence.dir/Users/arm8483/.pico-sdk/sdk/1.5.1/lib/tinyusb/src/portable/raspberrypi/rp2040/dcd_rp2040.c.obj
                0x10004df0                dcd_edpt_clear_stall
 .text.rp2040_usb_init
                0x10004e10       0x4c CMakeFiles/cosmicCoincidence.dir/Users/arm8483/.pico-sdk/sdk/1.5.1/lib/tinyusb/src/portable/raspberrypi/rp2040/rp2040_usb.c.obj
                0x10004e10                rp2040_usb_init
 .text.hw_endpoint_xfer_start
                0x10004e5c       0x50 CMakeFiles/cosmicCoincidence.dir/Users/arm8483/.pico-sdk/sdk/1.5.1/lib/tinyusb/src/portable/raspberrypi/rp2040/rp2040_usb.c.obj
                0x10004e5c                hw_endpoint_xfer_start
 .text.configuration_reset
                0x10004eac       0x84 CMakeFiles/cosmicCoincidence.dir/Users/arm8483/.pico-sdk/sdk/1.5.1/lib/tinyusb/src/device/usbd.c.obj
 .text.critical_section_enter_blocking
                0x10004f30       0x16 CMakeFiles/cosmicCoincidence.dir/Users/arm8483/.pico-sdk/sdk/1.5.1/lib/tinyusb/src/device/usbd.c.obj
 .text.usbd_reset
                0x10004f46        0xc CMakeFiles/cosmicCoincidence.dir/Users/arm8483/.pico-sdk/sdk/1.5.1/lib/tinyusb/src/device/usbd.c.obj
 .text.invoke_class_control
                0x10004f52       0x1a CMakeFiles/cosmicCoincidence.dir/Users/arm8483/.pico-sdk/sdk/1.5.1/lib/tinyusb/src/device/usbd.c.obj
 .text.process_set_config
                0x10004f6c      0x178 CMakeFiles/cosmicCoincidence.dir/Users/arm8483/.pico-sdk/sdk/1.5.1/lib/tinyusb/src/device/usbd.c.obj
 .text.process_get_descriptor
                0x100050e4       0xdc CMakeFiles/cosmicCoincidence.dir/Users/arm8483/.pico-sdk/sdk/1.5.1/lib/tinyusb/src/device/usbd.c.obj
 .text.tud_mounted
                0x100051c0       0x10 CMakeFiles/cosmicCoincidence.dir/Users/arm8483/.pico-sdk/sdk/1.5.1/lib/tinyusb/src/device/usbd.c.obj
                0x100051c0                tud_mounted
 .text.tud_suspended
                0x100051d0       0x10 CMakeFiles/cosmicCoincidence.dir/Users/arm8483/.pico-sdk/sdk/1.5.1/lib/tinyusb/src/device/usbd.c.obj
                0x100051d0                tud_suspended
 .text.tud_inited
                0x100051e0       0x14 CMakeFiles/cosmicCoincidence.dir/Users/arm8483/.pico-sdk/sdk/1.5.1/lib/tinyusb/src/device/usbd.c.obj
                0x100051e0                tud_inited
 .text.tud_init
                0x100051f4       0xcc CMakeFiles/cosmicCoincidence.dir/Users/arm8483/.pico-sdk/sdk/1.5.1/lib/tinyusb/src/device/usbd.c.obj
                0x100051f4                tud_init
 .text.usbd_defer_func
                0x100052c0       0x2a CMakeFiles/cosmicCoincidence.dir/Users/arm8483/.pico-sdk/sdk/1.5.1/lib/tinyusb/src/device/usbd.c.obj
                0x100052c0                usbd_defer_func
 *fill*         0x100052ea        0x2 
 .text.usbd_edpt_open
                0x100052ec       0x34 CMakeFiles/cosmicCoincidence.dir/Users/arm8483/.pico-sdk/sdk/1.5.1/lib/tinyusb/src/device/usbd.c.obj
                0x100052ec                usbd_edpt_open
 .text.usbd_open_edpt_pair
                0x10005320       0x62 CMakeFiles/cosmicCoincidence.dir/Users/arm8483/.pico-sdk/sdk/1.5.1/lib/tinyusb/src/device/usbd.c.obj
                0x10005320                usbd_open_edpt_pair
 *fill*         0x10005382        0x2 
 .text.usbd_edpt_claim
                0x10005384       0x28 CMakeFiles/cosmicCoincidence.dir/Users/arm8483/.pico-sdk/sdk/1.5.1/lib/tinyusb/src/device/usbd.c.obj
                0x10005384                usbd_edpt_claim
 .text.usbd_edpt_release
                0x100053ac       0x28 CMakeFiles/cosmicCoincidence.dir/Users/arm8483/.pico-sdk/sdk/1.5.1/lib/tinyusb/src/device/usbd.c.obj
                0x100053ac                usbd_edpt_release
 .text.usbd_edpt_xfer
                0x100053d4       0x78 CMakeFiles/cosmicCoincidence.dir/Users/arm8483/.pico-sdk/sdk/1.5.1/lib/tinyusb/src/device/usbd.c.obj
                0x100053d4                usbd_edpt_xfer
 .text.usbd_edpt_stall
                0x1000544c       0x48 CMakeFiles/cosmicCoincidence.dir/Users/arm8483/.pico-sdk/sdk/1.5.1/lib/tinyusb/src/device/usbd.c.obj
                0x1000544c                usbd_edpt_stall
 .text.usbd_edpt_clear_stall
                0x10005494       0x48 CMakeFiles/cosmicCoincidence.dir/Users/arm8483/.pico-sdk/sdk/1.5.1/lib/tinyusb/src/device/usbd.c.obj
                0x10005494                usbd_edpt_clear_stall
 .text.usbd_edpt_stalled
                0x100054dc       0x1c CMakeFiles/cosmicCoincidence.dir/Users/arm8483/.pico-sdk/sdk/1.5.1/lib/tinyusb/src/device/usbd.c.obj
                0x100054dc                usbd_edpt_stalled
 .text.process_control_request
                0x100054f8      0x374 CMakeFiles/cosmicCoincidence.dir/Users/arm8483/.pico-sdk/sdk/1.5.1/lib/tinyusb/src/device/usbd.c.obj
 .text.tud_task_ext
                0x1000586c      0x1a8 CMakeFiles/cosmicCoincidence.dir/Users/arm8483/.pico-sdk/sdk/1.5.1/lib/tinyusb/src/device/usbd.c.obj
                0x1000586c                tud_task_ext
 .text._status_stage_xact
                0x10005a14       0x1a CMakeFiles/cosmicCoincidence.dir/Users/arm8483/.pico-sdk/sdk/1.5.1/lib/tinyusb/src/device/usbd_control.c.obj
 *fill*         0x10005a2e        0x2 
 .text._data_stage_xact
                0x10005a30       0x58 CMakeFiles/cosmicCoincidence.dir/Users/arm8483/.pico-sdk/sdk/1.5.1/lib/tinyusb/src/device/usbd_control.c.obj
 .text.tud_control_status
                0x10005a88       0x28 CMakeFiles/cosmicCoincidence.dir/Users/arm8483/.pico-sdk/sdk/1.5.1/lib/tinyusb/src/device/usbd_control.c.obj
                0x10005a88                tud_control_status
 .text.tud_control_xfer
                0x10005ab0       0x68 CMakeFiles/cosmicCoincidence.dir/Users/arm8483/.pico-sdk/sdk/1.5.1/lib/tinyusb/src/device/usbd_control.c.obj
                0x10005ab0                tud_control_xfer
 .text.usbd_control_reset
                0x10005b18       0x14 CMakeFiles/cosmicCoincidence.dir/Users/arm8483/.pico-sdk/sdk/1.5.1/lib/tinyusb/src/device/usbd_control.c.obj
                0x10005b18                usbd_control_reset
 .text.usbd_control_set_complete_callback
                0x10005b2c        0xc CMakeFiles/cosmicCoincidence.dir/Users/arm8483/.pico-sdk/sdk/1.5.1/lib/tinyusb/src/device/usbd_control.c.obj
                0x10005b2c                usbd_control_set_complete_callback
 .text.usbd_control_set_request
                0x10005b38       0x1c CMakeFiles/cosmicCoincidence.dir/Users/arm8483/.pico-sdk/sdk/1.5.1/lib/tinyusb/src/device/usbd_control.c.obj
                0x10005b38                usbd_control_set_request
 .text.usbd_control_xfer_cb
                0x10005b54       0xbc CMakeFiles/cosmicCoincidence.dir/Users/arm8483/.pico-sdk/sdk/1.5.1/lib/tinyusb/src/device/usbd_control.c.obj
                0x10005b54                usbd_control_xfer_cb
 .text._prep_out_transaction
                0x10005c10       0x4a CMakeFiles/cosmicCoincidence.dir/Users/arm8483/.pico-sdk/sdk/1.5.1/lib/tinyusb/src/class/cdc/cdc_device.c.obj
 *fill*         0x10005c5a        0x2 
 .text.tud_cdc_n_connected
                0x10005c5c       0x38 CMakeFiles/cosmicCoincidence.dir/Users/arm8483/.pico-sdk/sdk/1.5.1/lib/tinyusb/src/class/cdc/cdc_device.c.obj
                0x10005c5c                tud_cdc_n_connected
 .text.tud_cdc_n_available
                0x10005c94       0x18 CMakeFiles/cosmicCoincidence.dir/Users/arm8483/.pico-sdk/sdk/1.5.1/lib/tinyusb/src/class/cdc/cdc_device.c.obj
                0x10005c94                tud_cdc_n_available
 .text.tud_cdc_n_read
                0x10005cac       0x28 CMakeFiles/cosmicCoincidence.dir/Users/arm8483/.pico-sdk/sdk/1.5.1/lib/tinyusb/src/class/cdc/cdc_device.c.obj
                0x10005cac                tud_cdc_n_read
 .text.tud_cdc_n_write_flush
                0x10005cd4       0xb8 CMakeFiles/cosmicCoincidence.dir/Users/arm8483/.pico-sdk/sdk/1.5.1/lib/tinyusb/src/class/cdc/cdc_device.c.obj
                0x10005cd4                tud_cdc_n_write_flush
 .text.tud_cdc_n_write
                0x10005d8c       0x38 CMakeFiles/cosmicCoincidence.dir/Users/arm8483/.pico-sdk/sdk/1.5.1/lib/tinyusb/src/class/cdc/cdc_device.c.obj
                0x10005d8c                tud_cdc_n_write
 .text.tud_cdc_n_write_available
                0x10005dc4       0x1c CMakeFiles/cosmicCoincidence.dir/Users/arm8483/.pico-sdk/sdk/1.5.1/lib/tinyusb/src/class/cdc/cdc_device.c.obj
                0x10005dc4                tud_cdc_n_write_available
 .text.cdcd_init
                0x10005de0       0xbc CMakeFiles/cosmicCoincidence.dir/Users/arm8483/.pico-sdk/sdk/1.5.1/lib/tinyusb/src/class/cdc/cdc_device.c.obj
                0x10005de0                cdcd_init
 .text.cdcd_reset
                0x10005e9c       0x44 CMakeFiles/cosmicCoincidence.dir/Users/arm8483/.pico-sdk/sdk/1.5.1/lib/tinyusb/src/class/cdc/cdc_device.c.obj
                0x10005e9c                cdcd_reset
 .text.cdcd_open
                0x10005ee0       0xc4 CMakeFiles/cosmicCoincidence.dir/Users/arm8483/.pico-sdk/sdk/1.5.1/lib/tinyusb/src/class/cdc/cdc_device.c.obj
                0x10005ee0                cdcd_open
 .text.cdcd_control_xfer_cb
                0x10005fa4      0x134 CMakeFiles/cosmicCoincidence.dir/Users/arm8483/.pico-sdk/sdk/1.5.1/lib/tinyusb/src/class/cdc/cdc_device.c.obj
                0x10005fa4                cdcd_control_xfer_cb
 .text.cdcd_xfer_cb
                0x100060d8      0x130 CMakeFiles/cosmicCoincidence.dir/Users/arm8483/.pico-sdk/sdk/1.5.1/lib/tinyusb/src/class/cdc/cdc_device.c.obj
                0x100060d8                cdcd_xfer_cb
 .text.tusb_init
                0x10006208        0xa CMakeFiles/cosmicCoincidence.dir/Users/arm8483/.pico-sdk/sdk/1.5.1/lib/tinyusb/src/tusb.c.obj
                0x10006208                tusb_init
 .text.tusb_inited
                0x10006212        0xe CMakeFiles/cosmicCoincidence.dir/Users/arm8483/.pico-sdk/sdk/1.5.1/lib/tinyusb/src/tusb.c.obj
                0x10006212                tusb_inited
 .text.tu_edpt_claim
                0x10006220       0x50 CMakeFiles/cosmicCoincidence.dir/Users/arm8483/.pico-sdk/sdk/1.5.1/lib/tinyusb/src/tusb.c.obj
                0x10006220                tu_edpt_claim
 .text.tu_edpt_release
                0x10006270       0x38 CMakeFiles/cosmicCoincidence.dir/Users/arm8483/.pico-sdk/sdk/1.5.1/lib/tinyusb/src/tusb.c.obj
                0x10006270                tu_edpt_release
 .text.tu_edpt_validate
                0x100062a8       0x78 CMakeFiles/cosmicCoincidence.dir/Users/arm8483/.pico-sdk/sdk/1.5.1/lib/tinyusb/src/tusb.c.obj
                0x100062a8                tu_edpt_validate
 .text.tu_edpt_bind_driver
                0x10006320       0x26 CMakeFiles/cosmicCoincidence.dir/Users/arm8483/.pico-sdk/sdk/1.5.1/lib/tinyusb/src/tusb.c.obj
                0x10006320                tu_edpt_bind_driver
 .text.advance_index
                0x10006346       0x1a CMakeFiles/cosmicCoincidence.dir/Users/arm8483/.pico-sdk/sdk/1.5.1/lib/tinyusb/src/common/tusb_fifo.c.obj
 .text._tu_fifo_peek
                0x10006360       0x56 CMakeFiles/cosmicCoincidence.dir/Users/arm8483/.pico-sdk/sdk/1.5.1/lib/tinyusb/src/common/tusb_fifo.c.obj
 .text._ff_pull_const_addr
                0x100063b6       0x4c CMakeFiles/cosmicCoincidence.dir/Users/arm8483/.pico-sdk/sdk/1.5.1/lib/tinyusb/src/common/tusb_fifo.c.obj
 .text._ff_pull_n
                0x10006402      0x110 CMakeFiles/cosmicCoincidence.dir/Users/arm8483/.pico-sdk/sdk/1.5.1/lib/tinyusb/src/common/tusb_fifo.c.obj
 .text._tu_fifo_peek_n
                0x10006512       0x6a CMakeFiles/cosmicCoincidence.dir/Users/arm8483/.pico-sdk/sdk/1.5.1/lib/tinyusb/src/common/tusb_fifo.c.obj
 .text._tu_fifo_read_n
                0x1000657c       0x4e CMakeFiles/cosmicCoincidence.dir/Users/arm8483/.pico-sdk/sdk/1.5.1/lib/tinyusb/src/common/tusb_fifo.c.obj
 .text._ff_push_const_addr
                0x100065ca       0x40 CMakeFiles/cosmicCoincidence.dir/Users/arm8483/.pico-sdk/sdk/1.5.1/lib/tinyusb/src/common/tusb_fifo.c.obj
 .text._ff_push_n
                0x1000660a      0x10c CMakeFiles/cosmicCoincidence.dir/Users/arm8483/.pico-sdk/sdk/1.5.1/lib/tinyusb/src/common/tusb_fifo.c.obj
 .text._tu_fifo_write_n
                0x10006716       0xf0 CMakeFiles/cosmicCoincidence.dir/Users/arm8483/.pico-sdk/sdk/1.5.1/lib/tinyusb/src/common/tusb_fifo.c.obj
 .text.tu_fifo_config
                0x10006806       0x7c CMakeFiles/cosmicCoincidence.dir/Users/arm8483/.pico-sdk/sdk/1.5.1/lib/tinyusb/src/common/tusb_fifo.c.obj
                0x10006806                tu_fifo_config
 .text.tu_fifo_count
                0x10006882       0x2a CMakeFiles/cosmicCoincidence.dir/Users/arm8483/.pico-sdk/sdk/1.5.1/lib/tinyusb/src/common/tusb_fifo.c.obj
                0x10006882                tu_fifo_count
 .text.tu_fifo_empty
                0x100068ac        0xe CMakeFiles/cosmicCoincidence.dir/Users/arm8483/.pico-sdk/sdk/1.5.1/lib/tinyusb/src/common/tusb_fifo.c.obj
                0x100068ac                tu_fifo_empty
 .text.tu_fifo_full
                0x100068ba       0x28 CMakeFiles/cosmicCoincidence.dir/Users/arm8483/.pico-sdk/sdk/1.5.1/lib/tinyusb/src/common/tusb_fifo.c.obj
                0x100068ba                tu_fifo_full
 .text.tu_fifo_remaining
                0x100068e2       0x2c CMakeFiles/cosmicCoincidence.dir/Users/arm8483/.pico-sdk/sdk/1.5.1/lib/tinyusb/src/common/tusb_fifo.c.obj
                0x100068e2                tu_fifo_remaining
 .text.tu_fifo_read
                0x1000690e       0x42 CMakeFiles/cosmicCoincidence.dir/Users/arm8483/.pico-sdk/sdk/1.5.1/lib/tinyusb/src/common/tusb_fifo.c.obj
                0x1000690e                tu_fifo_read
 .text.tu_fifo_read_n
                0x10006950        0xa CMakeFiles/cosmicCoincidence.dir/Users/arm8483/.pico-sdk/sdk/1.5.1/lib/tinyusb/src/common/tusb_fifo.c.obj
                0x10006950                tu_fifo_read_n
 .text.tu_fifo_write
                0x1000695a       0x64 CMakeFiles/cosmicCoincidence.dir/Users/arm8483/.pico-sdk/sdk/1.5.1/lib/tinyusb/src/common/tusb_fifo.c.obj
                0x1000695a                tu_fifo_write
 .text.tu_fifo_write_n
                0x100069be        0xa CMakeFiles/cosmicCoincidence.dir/Users/arm8483/.pico-sdk/sdk/1.5.1/lib/tinyusb/src/common/tusb_fifo.c.obj
                0x100069be                tu_fifo_write_n
 .text.tu_fifo_clear
                0x100069c8       0x3e CMakeFiles/cosmicCoincidence.dir/Users/arm8483/.pico-sdk/sdk/1.5.1/lib/tinyusb/src/common/tusb_fifo.c.obj
                0x100069c8                tu_fifo_clear
 .text.tu_fifo_set_overwritable
                0x10006a06       0x46 CMakeFiles/cosmicCoincidence.dir/Users/arm8483/.pico-sdk/sdk/1.5.1/lib/tinyusb/src/common/tusb_fifo.c.obj
                0x10006a06                tu_fifo_set_overwritable
 .text.cyw43_arch_set_async_context
                0x10006a4c        0xc CMakeFiles/cosmicCoincidence.dir/Users/arm8483/.pico-sdk/sdk/1.5.1/src/rp2_common/pico_cyw43_arch/cyw43_arch.c.obj
                0x10006a4c                cyw43_arch_set_async_context
 .text.cyw43_arch_gpio_put
                0x10006a58       0x14 CMakeFiles/cosmicCoincidence.dir/Users/arm8483/.pico-sdk/sdk/1.5.1/src/rp2_common/pico_cyw43_arch/cyw43_arch.c.obj
                0x10006a58                cyw43_arch_gpio_put
 .text.cyw43_arch_async_context
                0x10006a6c        0xc CMakeFiles/cosmicCoincidence.dir/Users/arm8483/.pico-sdk/sdk/1.5.1/src/rp2_common/pico_cyw43_arch/cyw43_arch.c.obj
                0x10006a6c                cyw43_arch_async_context
 .text.cyw43_arch_init_default_async_context
                0x10006a78       0x20 CMakeFiles/cosmicCoincidence.dir/Users/arm8483/.pico-sdk/sdk/1.5.1/src/rp2_common/pico_cyw43_arch/cyw43_arch_threadsafe_background.c.obj
                0x10006a78                cyw43_arch_init_default_async_context
 .text.cyw43_arch_deinit
                0x10006a98       0x28 CMakeFiles/cosmicCoincidence.dir/Users/arm8483/.pico-sdk/sdk/1.5.1/src/rp2_common/pico_cyw43_arch/cyw43_arch_threadsafe_background.c.obj
                0x10006a98                cyw43_arch_deinit
 .text.cyw43_arch_init
                0x10006ac0       0x36 CMakeFiles/cosmicCoincidence.dir/Users/arm8483/.pico-sdk/sdk/1.5.1/src/rp2_common/pico_cyw43_arch/cyw43_arch_threadsafe_background.c.obj
                0x10006ac0                cyw43_arch_init
 .text.pio_get_default_sm_config
                0x10006af6       0x28 CMakeFiles/cosmicCoincidence.dir/Users/arm8483/.pico-sdk/sdk/1.5.1/src/rp2_common/pico_cyw43_driver/cyw43_bus_pio_spi.c.obj
 *fill*         0x10006b1e        0x2 
 .text.spi_gap01_sample0_program_get_default_config
                0x10006b20       0x3c CMakeFiles/cosmicCoincidence.dir/Users/arm8483/.pico-sdk/sdk/1.5.1/src/rp2_common/pico_cyw43_driver/cyw43_bus_pio_spi.c.obj
 .text.cs_set   0x10006b5c       0x1c CMakeFiles/cosmicCoincidence.dir/Users/arm8483/.pico-sdk/sdk/1.5.1/src/rp2_common/pico_cyw43_driver/cyw43_bus_pio_spi.c.obj
 .text.channel_config_set_chain_to
                0x10006b78       0x30 CMakeFiles/cosmicCoincidence.dir/Users/arm8483/.pico-sdk/sdk/1.5.1/src/rp2_common/pico_cyw43_driver/cyw43_bus_pio_spi.c.obj
 .text.dma_channel_get_default_config
                0x10006ba8       0x74 CMakeFiles/cosmicCoincidence.dir/Users/arm8483/.pico-sdk/sdk/1.5.1/src/rp2_common/pico_cyw43_driver/cyw43_bus_pio_spi.c.obj
 .text.channel_config_set_dreq
                0x10006c1c       0x30 CMakeFiles/cosmicCoincidence.dir/Users/arm8483/.pico-sdk/sdk/1.5.1/src/rp2_common/pico_cyw43_driver/cyw43_bus_pio_spi.c.obj
 .text.start_spi_comms
                0x10006c4c       0x2c CMakeFiles/cosmicCoincidence.dir/Users/arm8483/.pico-sdk/sdk/1.5.1/src/rp2_common/pico_cyw43_driver/cyw43_bus_pio_spi.c.obj
 .text.ns_delay
                0x10006c78       0x20 CMakeFiles/cosmicCoincidence.dir/Users/arm8483/.pico-sdk/sdk/1.5.1/src/rp2_common/pico_cyw43_driver/cyw43_bus_pio_spi.c.obj
 .text.stop_spi_comms
                0x10006c98       0x10 CMakeFiles/cosmicCoincidence.dir/Users/arm8483/.pico-sdk/sdk/1.5.1/src/rp2_common/pico_cyw43_driver/cyw43_bus_pio_spi.c.obj
 .text.cyw43_spi_deinit
                0x10006ca8       0x74 CMakeFiles/cosmicCoincidence.dir/Users/arm8483/.pico-sdk/sdk/1.5.1/src/rp2_common/pico_cyw43_driver/cyw43_bus_pio_spi.c.obj
                0x10006ca8                cyw43_spi_deinit
 .text.cyw43_spi_init
                0x10006d1c      0x234 CMakeFiles/cosmicCoincidence.dir/Users/arm8483/.pico-sdk/sdk/1.5.1/src/rp2_common/pico_cyw43_driver/cyw43_bus_pio_spi.c.obj
                0x10006d1c                cyw43_spi_init
 .text.cyw43_spi_transfer
                0x10006f50      0x568 CMakeFiles/cosmicCoincidence.dir/Users/arm8483/.pico-sdk/sdk/1.5.1/src/rp2_common/pico_cyw43_driver/cyw43_bus_pio_spi.c.obj
                0x10006f50                cyw43_spi_transfer
 .text._cyw43_read_reg
                0x100074b8       0x50 CMakeFiles/cosmicCoincidence.dir/Users/arm8483/.pico-sdk/sdk/1.5.1/src/rp2_common/pico_cyw43_driver/cyw43_bus_pio_spi.c.obj
 .text._cyw43_write_reg
                0x10007508       0x58 CMakeFiles/cosmicCoincidence.dir/Users/arm8483/.pico-sdk/sdk/1.5.1/src/rp2_common/pico_cyw43_driver/cyw43_bus_pio_spi.c.obj
 .text.cyw43_spi_gpio_setup
                0x10007560       0x3a CMakeFiles/cosmicCoincidence.dir/Users/arm8483/.pico-sdk/sdk/1.5.1/src/rp2_common/pico_cyw43_driver/cyw43_bus_pio_spi.c.obj
                0x10007560                cyw43_spi_gpio_setup
 .text.cyw43_spi_reset
                0x1000759a       0x28 CMakeFiles/cosmicCoincidence.dir/Users/arm8483/.pico-sdk/sdk/1.5.1/src/rp2_common/pico_cyw43_driver/cyw43_bus_pio_spi.c.obj
                0x1000759a                cyw43_spi_reset
 *fill*         0x100075c2        0x2 
 .text.read_reg_u32_swap
                0x100075c4       0x68 CMakeFiles/cosmicCoincidence.dir/Users/arm8483/.pico-sdk/sdk/1.5.1/src/rp2_common/pico_cyw43_driver/cyw43_bus_pio_spi.c.obj
                0x100075c4                read_reg_u32_swap
 .text.cyw43_read_reg_u32
                0x1000762c        0xa CMakeFiles/cosmicCoincidence.dir/Users/arm8483/.pico-sdk/sdk/1.5.1/src/rp2_common/pico_cyw43_driver/cyw43_bus_pio_spi.c.obj
                0x1000762c                cyw43_read_reg_u32
 .text.cyw43_read_reg_u16
                0x10007636        0xa CMakeFiles/cosmicCoincidence.dir/Users/arm8483/.pico-sdk/sdk/1.5.1/src/rp2_common/pico_cyw43_driver/cyw43_bus_pio_spi.c.obj
                0x10007636                cyw43_read_reg_u16
 .text.cyw43_read_reg_u8
                0x10007640        0xa CMakeFiles/cosmicCoincidence.dir/Users/arm8483/.pico-sdk/sdk/1.5.1/src/rp2_common/pico_cyw43_driver/cyw43_bus_pio_spi.c.obj
                0x10007640                cyw43_read_reg_u8
 *fill*         0x1000764a        0x2 
 .text.write_reg_u32_swap
                0x1000764c       0x34 CMakeFiles/cosmicCoincidence.dir/Users/arm8483/.pico-sdk/sdk/1.5.1/src/rp2_common/pico_cyw43_driver/cyw43_bus_pio_spi.c.obj
                0x1000764c                write_reg_u32_swap
 .text.cyw43_write_reg_u32
                0x10007680       0x10 CMakeFiles/cosmicCoincidence.dir/Users/arm8483/.pico-sdk/sdk/1.5.1/src/rp2_common/pico_cyw43_driver/cyw43_bus_pio_spi.c.obj
                0x10007680                cyw43_write_reg_u32
 .text.cyw43_write_reg_u16
                0x10007690       0x10 CMakeFiles/cosmicCoincidence.dir/Users/arm8483/.pico-sdk/sdk/1.5.1/src/rp2_common/pico_cyw43_driver/cyw43_bus_pio_spi.c.obj
                0x10007690                cyw43_write_reg_u16
 .text.cyw43_write_reg_u8
                0x100076a0       0x10 CMakeFiles/cosmicCoincidence.dir/Users/arm8483/.pico-sdk/sdk/1.5.1/src/rp2_common/pico_cyw43_driver/cyw43_bus_pio_spi.c.obj
                0x100076a0                cyw43_write_reg_u8
 .text.cyw43_read_bytes
                0x100076b0       0xfc CMakeFiles/cosmicCoincidence.dir/Users/arm8483/.pico-sdk/sdk/1.5.1/src/rp2_common/pico_cyw43_driver/cyw43_bus_pio_spi.c.obj
                0x100076b0                cyw43_read_bytes
 .text.cyw43_write_bytes
                0x100077ac      0x124 CMakeFiles/cosmicCoincidence.dir/Users/arm8483/.pico-sdk/sdk/1.5.1/src/rp2_common/pico_cyw43_driver/cyw43_bus_pio_spi.c.obj
                0x100077ac                cyw43_write_bytes
 .text.get_core_address
                0x100078d0       0x1c CMakeFiles/cosmicCoincidence.dir/Users/arm8483/.pico-sdk/sdk/1.5.1/lib/cyw43-driver/src/cyw43_ll.c.obj
 .text.sdpcm_process_rx_packet
                0x100078ec      0x180 CMakeFiles/cosmicCoincidence.dir/Users/arm8483/.pico-sdk/sdk/1.5.1/lib/cyw43-driver/src/cyw43_ll.c.obj
 .text.cyw43_ll_wifi_parse_scan_result
                0x10007a6c       0x9c CMakeFiles/cosmicCoincidence.dir/Users/arm8483/.pico-sdk/sdk/1.5.1/lib/cyw43-driver/src/cyw43_ll.c.obj
 .text.cyw43_ll_parse_async_event
                0x10007b08       0x8a CMakeFiles/cosmicCoincidence.dir/Users/arm8483/.pico-sdk/sdk/1.5.1/lib/cyw43-driver/src/cyw43_ll.c.obj
 *fill*         0x10007b92        0x2 
 .text.cyw43_kso_set
                0x10007b94       0x98 CMakeFiles/cosmicCoincidence.dir/Users/arm8483/.pico-sdk/sdk/1.5.1/lib/cyw43-driver/src/cyw43_ll.c.obj
 .text.cyw43_ll_bus_sleep_helper
                0x10007c2c        0xe CMakeFiles/cosmicCoincidence.dir/Users/arm8483/.pico-sdk/sdk/1.5.1/lib/cyw43-driver/src/cyw43_ll.c.obj
 *fill*         0x10007c3a        0x2 
 .text.cyw43_read_reg
                0x10007c3c       0x48 CMakeFiles/cosmicCoincidence.dir/Users/arm8483/.pico-sdk/sdk/1.5.1/lib/cyw43-driver/src/cyw43_ll.c.obj
 .text.cyw43_write_reg
                0x10007c84       0x4c CMakeFiles/cosmicCoincidence.dir/Users/arm8483/.pico-sdk/sdk/1.5.1/lib/cyw43-driver/src/cyw43_ll.c.obj
 .text.cyw43_set_backplane_window
                0x10007cd0       0x78 CMakeFiles/cosmicCoincidence.dir/Users/arm8483/.pico-sdk/sdk/1.5.1/lib/cyw43-driver/src/cyw43_ll.c.obj
 .text.cyw43_read_backplane
                0x10007d48       0x30 CMakeFiles/cosmicCoincidence.dir/Users/arm8483/.pico-sdk/sdk/1.5.1/lib/cyw43-driver/src/cyw43_ll.c.obj
 .text.disable_device_core
                0x10007d78       0x3c CMakeFiles/cosmicCoincidence.dir/Users/arm8483/.pico-sdk/sdk/1.5.1/lib/cyw43-driver/src/cyw43_ll.c.obj
 .text.device_core_is_up
                0x10007db4       0x4c CMakeFiles/cosmicCoincidence.dir/Users/arm8483/.pico-sdk/sdk/1.5.1/lib/cyw43-driver/src/cyw43_ll.c.obj
 .text.cyw43_write_backplane
                0x10007e00       0x34 CMakeFiles/cosmicCoincidence.dir/Users/arm8483/.pico-sdk/sdk/1.5.1/lib/cyw43-driver/src/cyw43_ll.c.obj
 .text.reset_device_core
                0x10007e34       0x74 CMakeFiles/cosmicCoincidence.dir/Users/arm8483/.pico-sdk/sdk/1.5.1/lib/cyw43-driver/src/cyw43_ll.c.obj
 .text.cyw43_download_resource
                0x10007ea8      0x17c CMakeFiles/cosmicCoincidence.dir/Users/arm8483/.pico-sdk/sdk/1.5.1/lib/cyw43-driver/src/cyw43_ll.c.obj
 .text.cyw43_ll_init
                0x10008024       0x20 CMakeFiles/cosmicCoincidence.dir/Users/arm8483/.pico-sdk/sdk/1.5.1/lib/cyw43-driver/src/cyw43_ll.c.obj
                0x10008024                cyw43_ll_init
 .text.cyw43_ll_deinit
                0x10008044        0x8 CMakeFiles/cosmicCoincidence.dir/Users/arm8483/.pico-sdk/sdk/1.5.1/lib/cyw43-driver/src/cyw43_ll.c.obj
                0x10008044                cyw43_ll_deinit
 .text.cyw43_ll_bus_sleep
                0x1000804c       0x34 CMakeFiles/cosmicCoincidence.dir/Users/arm8483/.pico-sdk/sdk/1.5.1/lib/cyw43-driver/src/cyw43_ll.c.obj
                0x1000804c                cyw43_ll_bus_sleep
 .text.cyw43_ll_sdpcm_poll_device
                0x10008080      0x158 CMakeFiles/cosmicCoincidence.dir/Users/arm8483/.pico-sdk/sdk/1.5.1/lib/cyw43-driver/src/cyw43_ll.c.obj
 .text.cyw43_ll_process_packets
                0x100081d8       0x5c CMakeFiles/cosmicCoincidence.dir/Users/arm8483/.pico-sdk/sdk/1.5.1/lib/cyw43-driver/src/cyw43_ll.c.obj
                0x100081d8                cyw43_ll_process_packets
 .text.cyw43_sdpcm_send_common
                0x10008234      0x104 CMakeFiles/cosmicCoincidence.dir/Users/arm8483/.pico-sdk/sdk/1.5.1/lib/cyw43-driver/src/cyw43_ll.c.obj
 .text.cyw43_send_ioctl
                0x10008338       0x56 CMakeFiles/cosmicCoincidence.dir/Users/arm8483/.pico-sdk/sdk/1.5.1/lib/cyw43-driver/src/cyw43_ll.c.obj
 *fill*         0x1000838e        0x2 
 .text.cyw43_do_ioctl
                0x10008390       0xc0 CMakeFiles/cosmicCoincidence.dir/Users/arm8483/.pico-sdk/sdk/1.5.1/lib/cyw43-driver/src/cyw43_ll.c.obj
 .text.cyw43_ll_ioctl
                0x10008450       0x1e CMakeFiles/cosmicCoincidence.dir/Users/arm8483/.pico-sdk/sdk/1.5.1/lib/cyw43-driver/src/cyw43_ll.c.obj
                0x10008450                cyw43_ll_ioctl
 *fill*         0x1000846e        0x2 
 .text.cyw43_clm_load
                0x10008470       0xdc CMakeFiles/cosmicCoincidence.dir/Users/arm8483/.pico-sdk/sdk/1.5.1/lib/cyw43-driver/src/cyw43_ll.c.obj
 .text.cyw43_write_iovar_u32
                0x1000854c       0x60 CMakeFiles/cosmicCoincidence.dir/Users/arm8483/.pico-sdk/sdk/1.5.1/lib/cyw43-driver/src/cyw43_ll.c.obj
 .text.cyw43_write_iovar_n
                0x100085ac       0x50 CMakeFiles/cosmicCoincidence.dir/Users/arm8483/.pico-sdk/sdk/1.5.1/lib/cyw43-driver/src/cyw43_ll.c.obj
 .text.cyw43_set_ioctl_u32
                0x100085fc       0x30 CMakeFiles/cosmicCoincidence.dir/Users/arm8483/.pico-sdk/sdk/1.5.1/lib/cyw43-driver/src/cyw43_ll.c.obj
 .text.cyw43_write_iovar_u32_u32
                0x1000862c       0x74 CMakeFiles/cosmicCoincidence.dir/Users/arm8483/.pico-sdk/sdk/1.5.1/lib/cyw43-driver/src/cyw43_ll.c.obj
 .text.cyw43_ll_wifi_get_mac
                0x100086a0       0x44 CMakeFiles/cosmicCoincidence.dir/Users/arm8483/.pico-sdk/sdk/1.5.1/lib/cyw43-driver/src/cyw43_ll.c.obj
                0x100086a0                cyw43_ll_wifi_get_mac
 .text.cyw43_ll_bus_init
                0x100086e4      0x360 CMakeFiles/cosmicCoincidence.dir/Users/arm8483/.pico-sdk/sdk/1.5.1/lib/cyw43-driver/src/cyw43_ll.c.obj
                0x100086e4                cyw43_ll_bus_init
 .text.cyw43_ll_wifi_set_wpa_auth
                0x10008a44        0xe CMakeFiles/cosmicCoincidence.dir/Users/arm8483/.pico-sdk/sdk/1.5.1/lib/cyw43-driver/src/cyw43_ll.c.obj
                0x10008a44                cyw43_ll_wifi_set_wpa_auth
 *fill*         0x10008a52        0x2 
 .text.cyw43_ll_wifi_rejoin
                0x10008a54       0x20 CMakeFiles/cosmicCoincidence.dir/Users/arm8483/.pico-sdk/sdk/1.5.1/lib/cyw43-driver/src/cyw43_ll.c.obj
                0x10008a54                cyw43_ll_wifi_rejoin
 .text.cyw43_ll_gpio_set
                0x10008a74       0x30 CMakeFiles/cosmicCoincidence.dir/Users/arm8483/.pico-sdk/sdk/1.5.1/lib/cyw43-driver/src/cyw43_ll.c.obj
                0x10008a74                cyw43_ll_gpio_set
 .text.cyw43_ll_has_work
                0x10008aa4       0x12 CMakeFiles/cosmicCoincidence.dir/Users/arm8483/.pico-sdk/sdk/1.5.1/lib/cyw43-driver/src/cyw43_ll.c.obj
                0x10008aa4                cyw43_ll_has_work
 .text.to_ms_since_boot
                0x10008ab6       0x1c CMakeFiles/cosmicCoincidence.dir/Users/arm8483/.pico-sdk/sdk/1.5.1/lib/cyw43-driver/src/cyw43_ctrl.c.obj
 *fill*         0x10008ad2        0x2 
 .text.update_us_since_boot
                0x10008ad4       0x24 CMakeFiles/cosmicCoincidence.dir/Users/arm8483/.pico-sdk/sdk/1.5.1/lib/cyw43-driver/src/cyw43_ctrl.c.obj
 .text.cyw43_poll_func
                0x10008af8       0xac CMakeFiles/cosmicCoincidence.dir/Users/arm8483/.pico-sdk/sdk/1.5.1/lib/cyw43-driver/src/cyw43_ctrl.c.obj
 .text.get_absolute_time
                0x10008ba4       0x22 CMakeFiles/cosmicCoincidence.dir/Users/arm8483/.pico-sdk/sdk/1.5.1/lib/cyw43-driver/src/cyw43_ctrl.c.obj
 .text.cyw43_hal_ticks_ms
                0x10008bc6       0x16 CMakeFiles/cosmicCoincidence.dir/Users/arm8483/.pico-sdk/sdk/1.5.1/lib/cyw43-driver/src/cyw43_ctrl.c.obj
 .text.cyw43_dump_async_event
                0x10008bdc       0x58 CMakeFiles/cosmicCoincidence.dir/Users/arm8483/.pico-sdk/sdk/1.5.1/lib/cyw43-driver/src/cyw43_ctrl.c.obj
 .text.cyw43_ensure_up
                0x10008c34       0xec CMakeFiles/cosmicCoincidence.dir/Users/arm8483/.pico-sdk/sdk/1.5.1/lib/cyw43-driver/src/cyw43_ctrl.c.obj
 .text.cyw43_init
                0x10008d20       0x8c CMakeFiles/cosmicCoincidence.dir/Users/arm8483/.pico-sdk/sdk/1.5.1/lib/cyw43-driver/src/cyw43_ctrl.c.obj
                0x10008d20                cyw43_init
 .text.cyw43_deinit
                0x10008dac       0x3c CMakeFiles/cosmicCoincidence.dir/Users/arm8483/.pico-sdk/sdk/1.5.1/lib/cyw43-driver/src/cyw43_ctrl.c.obj
                0x10008dac                cyw43_deinit
 .text.cyw43_cb_read_host_interrupt_pin
                0x10008de8        0xe CMakeFiles/cosmicCoincidence.dir/Users/arm8483/.pico-sdk/sdk/1.5.1/lib/cyw43-driver/src/cyw43_ctrl.c.obj
                0x10008de8                cyw43_cb_read_host_interrupt_pin
 *fill*         0x10008df6        0x2 
 .text.cyw43_cb_ensure_awake
                0x10008df8        0xc CMakeFiles/cosmicCoincidence.dir/Users/arm8483/.pico-sdk/sdk/1.5.1/lib/cyw43-driver/src/cyw43_ctrl.c.obj
                0x10008df8                cyw43_cb_ensure_awake
 .text.cyw43_cb_process_async_event
                0x10008e04      0x1ac CMakeFiles/cosmicCoincidence.dir/Users/arm8483/.pico-sdk/sdk/1.5.1/lib/cyw43-driver/src/cyw43_ctrl.c.obj
                0x10008e04                cyw43_cb_process_async_event
 .text.cyw43_gpio_set
                0x10008fb0       0x30 CMakeFiles/cosmicCoincidence.dir/Users/arm8483/.pico-sdk/sdk/1.5.1/lib/cyw43-driver/src/cyw43_ctrl.c.obj
                0x10008fb0                cyw43_gpio_set
 .text._pio_can_add_program_at_offset
                0x10008fe0       0x3c CMakeFiles/cosmicCoincidence.dir/Users/arm8483/.pico-sdk/sdk/1.5.1/src/rp2_common/hardware_pio/pio.c.obj
 .text._pio_find_offset_for_program
                0x1000901c       0x7c CMakeFiles/cosmicCoincidence.dir/Users/arm8483/.pico-sdk/sdk/1.5.1/src/rp2_common/hardware_pio/pio.c.obj
 .text._pio_add_program_at_offset
                0x10009098       0x7c CMakeFiles/cosmicCoincidence.dir/Users/arm8483/.pico-sdk/sdk/1.5.1/src/rp2_common/hardware_pio/pio.c.obj
 .text.pio_sm_unclaim
                0x10009114       0x20 CMakeFiles/cosmicCoincidence.dir/Users/arm8483/.pico-sdk/sdk/1.5.1/src/rp2_common/hardware_pio/pio.c.obj
                0x10009114                pio_sm_unclaim
 .text.pio_claim_unused_sm
                0x10009134       0x3c CMakeFiles/cosmicCoincidence.dir/Users/arm8483/.pico-sdk/sdk/1.5.1/src/rp2_common/hardware_pio/pio.c.obj
                0x10009134                pio_claim_unused_sm
 .text.pio_can_add_program
                0x10009170       0x26 CMakeFiles/cosmicCoincidence.dir/Users/arm8483/.pico-sdk/sdk/1.5.1/src/rp2_common/hardware_pio/pio.c.obj
                0x10009170                pio_can_add_program
 *fill*         0x10009196        0x2 
 .text.pio_add_program
                0x10009198       0x38 CMakeFiles/cosmicCoincidence.dir/Users/arm8483/.pico-sdk/sdk/1.5.1/src/rp2_common/hardware_pio/pio.c.obj
                0x10009198                pio_add_program
 .text.pio_remove_program
                0x100091d0       0x58 CMakeFiles/cosmicCoincidence.dir/Users/arm8483/.pico-sdk/sdk/1.5.1/src/rp2_common/hardware_pio/pio.c.obj
                0x100091d0                pio_remove_program
 .text.pio_sm_set_pindirs_with_mask
                0x10009228       0x9c CMakeFiles/cosmicCoincidence.dir/Users/arm8483/.pico-sdk/sdk/1.5.1/src/rp2_common/hardware_pio/pio.c.obj
                0x10009228                pio_sm_set_pindirs_with_mask
 .text.pio_sm_set_consecutive_pindirs
                0x100092c4       0xa4 CMakeFiles/cosmicCoincidence.dir/Users/arm8483/.pico-sdk/sdk/1.5.1/src/rp2_common/hardware_pio/pio.c.obj
                0x100092c4                pio_sm_set_consecutive_pindirs
 .text.dma_channel_unclaim
                0x10009368       0x14 CMakeFiles/cosmicCoincidence.dir/Users/arm8483/.pico-sdk/sdk/1.5.1/src/rp2_common/hardware_dma/dma.c.obj
                0x10009368                dma_channel_unclaim
 .text.dma_claim_unused_channel
                0x1000937c       0x24 CMakeFiles/cosmicCoincidence.dir/Users/arm8483/.pico-sdk/sdk/1.5.1/src/rp2_common/hardware_dma/dma.c.obj
                0x1000937c                dma_claim_unused_channel
 .text.dma_channel_cleanup
                0x100093a0       0x5c CMakeFiles/cosmicCoincidence.dir/Users/arm8483/.pico-sdk/sdk/1.5.1/src/rp2_common/hardware_dma/dma.c.obj
                0x100093a0                dma_channel_cleanup
 .text.cyw43_sleep_timeout_reached
                0x100093fc       0x50 CMakeFiles/cosmicCoincidence.dir/Users/arm8483/.pico-sdk/sdk/1.5.1/src/rp2_common/pico_cyw43_driver/cyw43_driver.c.obj
 .text.update_us_since_boot
                0x1000944c       0x24 CMakeFiles/cosmicCoincidence.dir/Users/arm8483/.pico-sdk/sdk/1.5.1/src/rp2_common/pico_cyw43_driver/cyw43_driver.c.obj
 .text.delayed_by_ms
                0x10009470       0x44 CMakeFiles/cosmicCoincidence.dir/Users/arm8483/.pico-sdk/sdk/1.5.1/src/rp2_common/pico_cyw43_driver/cyw43_driver.c.obj
 .text.delayed_by_us
                0x100094b4       0x34 CMakeFiles/cosmicCoincidence.dir/Users/arm8483/.pico-sdk/sdk/1.5.1/src/rp2_common/pico_cyw43_driver/cyw43_driver.c.obj
 .text.get_absolute_time
                0x100094e8       0x22 CMakeFiles/cosmicCoincidence.dir/Users/arm8483/.pico-sdk/sdk/1.5.1/src/rp2_common/pico_cyw43_driver/cyw43_driver.c.obj
 .text.make_timeout_time_ms
                0x1000950a       0x20 CMakeFiles/cosmicCoincidence.dir/Users/arm8483/.pico-sdk/sdk/1.5.1/src/rp2_common/pico_cyw43_driver/cyw43_driver.c.obj
 .text.async_context_add_at_time_worker_in_ms
                0x1000952a       0x26 CMakeFiles/cosmicCoincidence.dir/Users/arm8483/.pico-sdk/sdk/1.5.1/src/rp2_common/pico_cyw43_driver/cyw43_driver.c.obj
 .text.cyw43_do_poll
                0x10009550       0x74 CMakeFiles/cosmicCoincidence.dir/Users/arm8483/.pico-sdk/sdk/1.5.1/src/rp2_common/pico_cyw43_driver/cyw43_driver.c.obj
 .text.make_timeout_time_us
                0x100095c4       0x24 CMakeFiles/cosmicCoincidence.dir/Users/arm8483/.pico-sdk/sdk/1.5.1/src/rp2_common/pico_cyw43_driver/cyw43_driver.c.obj
 .text.cyw43_set_irq_enabled
                0x100095e8        0xe CMakeFiles/cosmicCoincidence.dir/Users/arm8483/.pico-sdk/sdk/1.5.1/src/rp2_common/pico_cyw43_driver/cyw43_driver.c.obj
 *fill*         0x100095f6        0x2 
 .text.cyw43_irq_init
                0x100095f8       0x50 CMakeFiles/cosmicCoincidence.dir/Users/arm8483/.pico-sdk/sdk/1.5.1/src/rp2_common/pico_cyw43_driver/cyw43_driver.c.obj
                0x100095f8                cyw43_irq_init
 .text.cyw43_gpio_irq_handler
                0x10009648       0x40 CMakeFiles/cosmicCoincidence.dir/Users/arm8483/.pico-sdk/sdk/1.5.1/src/rp2_common/pico_cyw43_driver/cyw43_driver.c.obj
 .text.cyw43_irq_deinit
                0x10009688       0x48 CMakeFiles/cosmicCoincidence.dir/Users/arm8483/.pico-sdk/sdk/1.5.1/src/rp2_common/pico_cyw43_driver/cyw43_driver.c.obj
                0x10009688                cyw43_irq_deinit
 .text.no_lwip_fail
                0x100096d0        0xc CMakeFiles/cosmicCoincidence.dir/Users/arm8483/.pico-sdk/sdk/1.5.1/src/rp2_common/pico_cyw43_driver/cyw43_driver.c.obj
 .text.cyw43_post_poll_hook
                0x100096dc       0x38 CMakeFiles/cosmicCoincidence.dir/Users/arm8483/.pico-sdk/sdk/1.5.1/src/rp2_common/pico_cyw43_driver/cyw43_driver.c.obj
                0x100096dc                cyw43_post_poll_hook
 .text.cyw43_schedule_internal_poll_dispatch
                0x10009714       0x3c CMakeFiles/cosmicCoincidence.dir/Users/arm8483/.pico-sdk/sdk/1.5.1/src/rp2_common/pico_cyw43_driver/cyw43_driver.c.obj
                0x10009714                cyw43_schedule_internal_poll_dispatch
 .text.cyw43_driver_init
                0x10009750       0x38 CMakeFiles/cosmicCoincidence.dir/Users/arm8483/.pico-sdk/sdk/1.5.1/src/rp2_common/pico_cyw43_driver/cyw43_driver.c.obj
                0x10009750                cyw43_driver_init
 .text.cyw43_driver_deinit
                0x10009788       0x64 CMakeFiles/cosmicCoincidence.dir/Users/arm8483/.pico-sdk/sdk/1.5.1/src/rp2_common/pico_cyw43_driver/cyw43_driver.c.obj
                0x10009788                cyw43_driver_deinit
 .text.storage_read_blocks
                0x100097ec        0x6 CMakeFiles/cosmicCoincidence.dir/Users/arm8483/.pico-sdk/sdk/1.5.1/src/rp2_common/pico_cyw43_driver/cyw43_driver.c.obj
                0x100097ec                storage_read_blocks
 *fill*         0x100097f2        0x2 
 .text.cyw43_hal_generate_laa_mac
                0x100097f4       0x34 CMakeFiles/cosmicCoincidence.dir/Users/arm8483/.pico-sdk/sdk/1.5.1/src/rp2_common/pico_cyw43_driver/cyw43_driver.c.obj
                0x100097f4                cyw43_hal_generate_laa_mac
 .text.cyw43_thread_enter
                0x10009828       0x14 CMakeFiles/cosmicCoincidence.dir/Users/arm8483/.pico-sdk/sdk/1.5.1/src/rp2_common/pico_cyw43_driver/cyw43_driver.c.obj
                0x10009828                cyw43_thread_enter
 .text.cyw43_thread_exit
                0x1000983c       0x14 CMakeFiles/cosmicCoincidence.dir/Users/arm8483/.pico-sdk/sdk/1.5.1/src/rp2_common/pico_cyw43_driver/cyw43_driver.c.obj
                0x1000983c                cyw43_thread_exit
 .text.cyw43_thread_lock_check
                0x10009850       0x14 CMakeFiles/cosmicCoincidence.dir/Users/arm8483/.pico-sdk/sdk/1.5.1/src/rp2_common/pico_cyw43_driver/cyw43_driver.c.obj
                0x10009850                cyw43_thread_lock_check
 .text.cyw43_await_background_or_timeout_us
                0x10009864       0x28 CMakeFiles/cosmicCoincidence.dir/Users/arm8483/.pico-sdk/sdk/1.5.1/src/rp2_common/pico_cyw43_driver/cyw43_driver.c.obj
                0x10009864                cyw43_await_background_or_timeout_us
 .text.cyw43_delay_ms
                0x1000988c       0x24 CMakeFiles/cosmicCoincidence.dir/Users/arm8483/.pico-sdk/sdk/1.5.1/src/rp2_common/pico_cyw43_driver/cyw43_driver.c.obj
                0x1000988c                cyw43_delay_ms
 .text.cyw43_cb_tcpip_deinit
                0x100098b0        0x2 CMakeFiles/cosmicCoincidence.dir/Users/arm8483/.pico-sdk/sdk/1.5.1/src/rp2_common/pico_cyw43_driver/cyw43_driver.c.obj
                0x100098b0                cyw43_cb_tcpip_deinit
 .text.cyw43_cb_tcpip_set_link_up
                0x100098b2        0x6 CMakeFiles/cosmicCoincidence.dir/Users/arm8483/.pico-sdk/sdk/1.5.1/src/rp2_common/pico_cyw43_driver/cyw43_driver.c.obj
                0x100098b2                cyw43_cb_tcpip_set_link_up
 .text.cyw43_cb_tcpip_set_link_down
                0x100098b8        0x6 CMakeFiles/cosmicCoincidence.dir/Users/arm8483/.pico-sdk/sdk/1.5.1/src/rp2_common/pico_cyw43_driver/cyw43_driver.c.obj
                0x100098b8                cyw43_cb_tcpip_set_link_down
 .text.cyw43_cb_process_ethernet
                0x100098be        0x6 CMakeFiles/cosmicCoincidence.dir/Users/arm8483/.pico-sdk/sdk/1.5.1/src/rp2_common/pico_cyw43_driver/cyw43_driver.c.obj
                0x100098be                cyw43_cb_process_ethernet
 .text.is_at_the_end_of_time
                0x100098c4       0x1c CMakeFiles/cosmicCoincidence.dir/Users/arm8483/.pico-sdk/sdk/1.5.1/src/rp2_common/pico_async_context/async_context_threadsafe_background.c.obj
 .text.async_context_threadsafe_background_acquire_lock_blocking
                0x100098e0        0xa CMakeFiles/cosmicCoincidence.dir/Users/arm8483/.pico-sdk/sdk/1.5.1/src/rp2_common/pico_async_context/async_context_threadsafe_background.c.obj
 *fill*         0x100098ea        0x2 
 .text.update_us_since_boot
                0x100098ec       0x24 CMakeFiles/cosmicCoincidence.dir/Users/arm8483/.pico-sdk/sdk/1.5.1/src/rp2_common/pico_async_context/async_context_threadsafe_background.c.obj
 .text.async_context_threadsafe_background_wake_up